 Harness

 Timestamp is 407ac9ba (Mon Apr 12 17:54:18 2004)

 Preferred load address is 00400000

 Start         Length     Name                   Class
 0001:00000000 00010000H .textbss                DATA
 0002:00000000 00010795H .text                   CODE
 0002:000107a0 000013e1H .text$x                 CODE
 0002:00011b90 0000105bH .text$yc                CODE
 0002:00012bf0 0000104bH .text$yd                CODE
 0003:00000000 00001453H .rdata                  DATA
 0003:00001454 0000015cH .rdata$debug            DATA
 0003:000015b0 00000151H .rdata$r                DATA
 0003:00001704 00000104H .rtc$IAA                DATA
 0003:00001808 00000113H .rtc$IMZ                DATA
 0003:0000191c 00000104H .rtc$IZZ                DATA
 0003:00001a20 00000104H .rtc$TAA                DATA
 0003:00001b24 00000113H .rtc$TMZ                DATA
 0003:00001c38 00000104H .rtc$TZZ                DATA
 0003:00001d3c 000006d3H .xdata$x                DATA
 0003:0000240f 00000000H .edata                  DATA
 0004:00000000 00000104H .CRT$XCA                DATA
 0004:00000104 00000104H .CRT$XCU                DATA
 0004:00000208 00000104H .CRT$XCZ                DATA
 0004:0000030c 00000104H .CRT$XIA                DATA
 0004:00000410 00000104H .CRT$XIZ                DATA
 0004:00000520 0000024bH .data                   DATA
 0004:00000770 000001a4H .bss                    DATA
 0005:00000000 00000078H .idata$2                DATA
 0005:00000078 00000014H .idata$3                DATA
 0005:0000008c 00000330H .idata$4                DATA
 0005:000003bc 00000330H .idata$5                DATA
 0005:000006ec 000009a9H .idata$6                DATA

  Address         Publics by Value              Rva+Base     Lib:Object

 0000:00000000       __except_list              00000000     <absolute>
 0000:00000000       ___safe_se_handler_count   00000000     <absolute>
 0000:00000000       ___safe_se_handler_table   00000000     <absolute>
 0000:00009876       __fltused                  00009876     <absolute>
 0000:00009876       __ldused                   00009876     <absolute>
 0001:00000000       __enc$textbss$begin        00401000     <linker-defined>
 0001:00010000       __enc$textbss$end          00411000     <linker-defined>
 0002:00000e20       ??0CoffLoader@@QAE@XZ      00411e20 f   coff.obj
 0002:00000ea0       ??1CoffLoader@@QAE@XZ      00411ea0 f   coff.obj
 0002:00000fe0       ?LoadCoffHModule@CoffLoader@@IAEHPAU_iobuf@@@Z 00411fe0 f   coff.obj
 0002:000014c0       ?LoadSymTable@CoffLoader@@IAEHPAU_iobuf@@@Z 004124c0 f   coff.obj
 0002:00001640       ?LoadStringTable@CoffLoader@@IAEHPAU_iobuf@@@Z 00412640 f   coff.obj
 0002:00001830       ?LoadSections@CoffLoader@@IAEHPAU_iobuf@@@Z 00412830 f   coff.obj
 0002:00001c40       ?RVA2Section@CoffLoader@@IAEHK@Z 00412c40 f   coff.obj
 0002:00001df0       ?GetStringTblIndex@CoffLoader@@IAEPADH@Z 00412df0 f   coff.obj
 0002:00001e90       ?GetStringTblOff@CoffLoader@@IAEPADH@Z 00412e90 f   coff.obj
 0002:00001ee0       ?GetSymbolName@CoffLoader@@IAEPADPAUSymbolTable_t@@@Z 00412ee0 f   coff.obj
 0002:00001fc0       ?GetSymbolName@CoffLoader@@IAEPADH@Z 00412fc0 f   coff.obj
 0002:00002030       ?ParseCoff@CoffLoader@@QAEHPAU_iobuf@@@Z 00413030 f   coff.obj
 0002:00002100       ?PerformFixups@CoffLoader@@IAEXXZ 00413100 f   coff.obj
 0002:000023e0       _track_malloc              004133e0 f   dll.obj
 0002:00002490       ?get_track_list@@YAPAV?$map@IIU?$less@I@std@@V?$allocator@U?$pair@$$CBII@std@@@2@@std@@I@Z 00413490 f i dll.obj
 0002:00002590       _track_calloc              00413590 f   dll.obj
 0002:00002650       _track_realloc             00413650 f   dll.obj
 0002:00002730       _track_free                00413730 f   dll.obj
 0002:000027d0       ?PrintExportTable@DllLoader@@QAEXPAUExportDirTable_t@@@Z 004137d0 f   dll.obj
 0002:00002c50       ?ResolveImports@DllLoader@@QAEHXZ 00413c50 f   dll.obj
 0002:00003510       ?LoadExports@DllLoader@@QAEHXZ 00414510 f   dll.obj
 0002:000039a0       ?ResolveExport@DllLoader@@QAEHPADPAPAX@Z 004149a0 f   dll.obj
 0002:00003c90       ?ResolveOrdinal@DllLoader@@QAEHPADKPAPAX@Z 00414c90 f   dll.obj
 0002:00003d50       ?ResolveName@DllLoader@@QAEHPAD0PAPAX@Z 00414d50 f   dll.obj
 0002:00003e20       ??0DllLoader@@QAE@PBD_N@Z  00414e20 f   dll.obj
 0002:00003fa0       ??0DllTrackInfo@@QAE@XZ    00414fa0 f i dll.obj
 0002:00004000       ??1DllTrackInfo@@QAE@XZ    00415000 f i dll.obj
 0002:00004060       ??1?$map@IIU?$less@I@std@@V?$allocator@U?$pair@$$CBII@std@@@2@@std@@QAE@XZ 00415060 f i dll.obj
 0002:000040b0       ??1DllLoader@@QAE@XZ       004150b0 f   dll.obj
 0002:00004490       ?Parse@DllLoader@@QAEHXZ   00415490 f   dll.obj
 0002:00004570       ??0Exp2Dll@@QAE@PADKK@Z    00415570 f   dll.obj
 0002:00004670       ??_GExp2Dll@@UAEPAXI@Z     00415670 f i dll.obj
 0002:00004670       ??_EExp2Dll@@UAEPAXI@Z     00415670 f i dll.obj
 0002:000046e0       ??0Exp2Dll@@QAE@PAD0KK@Z   004156e0 f   dll.obj
 0002:00004820       ??0Exp2Dll@@QAE@PAD0K@Z    00415820 f   dll.obj
 0002:00004960       ??1Exp2Dll@@UAE@XZ         00415960 f   dll.obj
 0002:00004a80       _dllLoadLibraryA@4         00415a80 f   dll.obj
 0002:00004e60       ??_GDllLoader@@QAEPAXI@Z   00415e60 f i dll.obj
 0002:00004ed0       _dllFreeLibrary@4          00415ed0 f   dll.obj
 0002:00004fb0       _dllGetProcAddress@8       00415fb0 f   dll.obj
 0002:000050b0       _dummy_Unresolved          004160b0 f   dll.obj
 0002:000051b0       _dummy_Kernel32Unresolved  004161b0 f   dll.obj
 0002:000052b0       _dummy_User32Unresolved    004162b0 f   dll.obj
 0002:000053b0       _dummy_OLE32Unresolved     004163b0 f   dll.obj
 0002:000054b0       _dummy_MSVCRTUnresolved    004164b0 f   dll.obj
 0002:000055b0       _dummy_MSVCR71Unresolved   004165b0 f   dll.obj
 0002:000056b0       _dummy_DX8Unresolved       004166b0 f   dll.obj
 0002:00005880       ??0?$map@IIU?$less@I@std@@V?$allocator@U?$pair@$$CBII@std@@@2@@std@@QAE@XZ 00416880 f i dll.obj
 0002:000058f0       ??A?$map@IIU?$less@I@std@@V?$allocator@U?$pair@$$CBII@std@@@2@@std@@QAEAAIABI@Z 004168f0 f i dll.obj
 0002:00005a30       ??1?$_Tree@V?$_Tmap_traits@IIU?$less@I@std@@V?$allocator@U?$pair@$$CBII@std@@@2@$0A@@std@@@std@@QAE@XZ 00416a30 f i dll.obj
 0002:00005a80       ?begin@?$_Tree@V?$_Tmap_traits@IIU?$less@I@std@@V?$allocator@U?$pair@$$CBII@std@@@2@$0A@@std@@@std@@QAE?AViterator@12@XZ 00416a80 f i dll.obj
 0002:00005af0       ?end@?$_Tree@V?$_Tmap_traits@IIU?$less@I@std@@V?$allocator@U?$pair@$$CBII@std@@@2@$0A@@std@@@std@@QAE?AViterator@12@XZ 00416af0 f i dll.obj
 0002:00005b50       ?size@?$_Tree@V?$_Tmap_traits@IIU?$less@I@std@@V?$allocator@U?$pair@$$CBII@std@@@2@$0A@@std@@@std@@QBEIXZ 00416b50 f i dll.obj
 0002:00005b90       ?empty@?$_Tree@V?$_Tmap_traits@IIU?$less@I@std@@V?$allocator@U?$pair@$$CBII@std@@@2@$0A@@std@@@std@@QBE_NXZ 00416b90 f i dll.obj
 0002:00005bf0       ?erase@?$_Tree@V?$_Tmap_traits@IIU?$less@I@std@@V?$allocator@U?$pair@$$CBII@std@@@2@$0A@@std@@@std@@QAEIABI@Z 00416bf0 f i dll.obj
 0002:00005ce0       ?begin@?$list@UDllTrackInfo@@V?$allocator@UDllTrackInfo@@@std@@@std@@QAE?AViterator@12@XZ 00416ce0 f i dll.obj
 0002:00005d50       ?end@?$list@UDllTrackInfo@@V?$allocator@UDllTrackInfo@@@std@@@std@@QAE?AViterator@12@XZ 00416d50 f i dll.obj
 0002:00005db0       ?push_back@?$list@UDllTrackInfo@@V?$allocator@UDllTrackInfo@@@std@@@std@@QAEXABUDllTrackInfo@@@Z 00416db0 f i dll.obj
 0002:00005e20       ?erase@?$list@UDllTrackInfo@@V?$allocator@UDllTrackInfo@@@std@@@std@@QAE?AViterator@12@V312@@Z 00416e20 f i dll.obj
 0002:00005f40       ??Citerator@?$list@UDllTrackInfo@@V?$allocator@UDllTrackInfo@@@std@@@std@@QBEPAUDllTrackInfo@@XZ 00416f40 f i dll.obj
 0002:00005f90       ??Eiterator@?$list@UDllTrackInfo@@V?$allocator@UDllTrackInfo@@@std@@@std@@QAEAAV012@XZ 00416f90 f i dll.obj
 0002:00005ff0       ??9const_iterator@?$list@UDllTrackInfo@@V?$allocator@UDllTrackInfo@@@std@@@std@@QBE_NABV012@@Z 00416ff0 f i dll.obj
 0002:00006050       ??Citerator@?$_Tree@V?$_Tmap_traits@IIU?$less@I@std@@V?$allocator@U?$pair@$$CBII@std@@@2@$0A@@std@@@std@@QBEPAU?$pair@$$CBII@2@XZ 00417050 f i dll.obj
 0002:000060a0       ??Eiterator@?$_Tree@V?$_Tmap_traits@IIU?$less@I@std@@V?$allocator@U?$pair@$$CBII@std@@@2@$0A@@std@@@std@@QAEAAV012@XZ 004170a0 f i dll.obj
 0002:00006100       ??9const_iterator@?$_Tree@V?$_Tmap_traits@IIU?$less@I@std@@V?$allocator@U?$pair@$$CBII@std@@@2@$0A@@std@@@std@@QBE_NABV012@@Z 00417100 f i dll.obj
 0002:00006160       ?_Key@?$_Tree@V?$_Tmap_traits@IIU?$less@I@std@@V?$allocator@U?$pair@$$CBII@std@@@2@$0A@@std@@@std@@KAABIPAU_Node@?$_Tree_nod@V?$_Tmap_traits@IIU?$less@I@std@@V?$allocator@U?$pair@$$CBII@std@@@2@$0A@@std@@@2@@Z 00417160 f i dll.obj
 0002:000061c0       ??0?$_Tree@V?$_Tmap_traits@IIU?$less@I@std@@V?$allocator@U?$pair@$$CBII@std@@@2@$0A@@std@@@std@@QAE@ABU?$less@I@1@ABV?$allocator@U?$pair@$$CBII@std@@@1@@Z 004171c0 f i dll.obj
 0002:00006240       ?insert@?$_Tree@V?$_Tmap_traits@IIU?$less@I@std@@V?$allocator@U?$pair@$$CBII@std@@@2@$0A@@std@@@std@@QAE?AViterator@12@V312@ABU?$pair@$$CBII@2@@Z 00417240 f i dll.obj
 0002:00006a00       ?erase@?$_Tree@V?$_Tmap_traits@IIU?$less@I@std@@V?$allocator@U?$pair@$$CBII@std@@@2@$0A@@std@@@std@@QAE?AViterator@12@V312@0@Z 00417a00 f i dll.obj
 0002:00006b10       ?lower_bound@?$_Tree@V?$_Tmap_traits@IIU?$less@I@std@@V?$allocator@U?$pair@$$CBII@std@@@2@$0A@@std@@@std@@QAE?AViterator@12@ABI@Z 00417b10 f i dll.obj
 0002:00006b80       ?equal_range@?$_Tree@V?$_Tmap_traits@IIU?$less@I@std@@V?$allocator@U?$pair@$$CBII@std@@@2@$0A@@std@@@std@@QAE?AU?$pair@Viterator@?$_Tree@V?$_Tmap_traits@IIU?$less@I@std@@V?$allocator@U?$pair@$$CBII@std@@@2@$0A@@std@@@std@@V123@@2@ABI@Z 00417b80 f i dll.obj
 0002:00006c10       ?_Lmost@?$_Tree@V?$_Tmap_traits@IIU?$less@I@std@@V?$allocator@U?$pair@$$CBII@std@@@2@$0A@@std@@@std@@IAEAAPAU_Node@?$_Tree_nod@V?$_Tmap_traits@IIU?$less@I@std@@V?$allocator@U?$pair@$$CBII@std@@@2@$0A@@std@@@2@XZ 00417c10 f i dll.obj
 0002:00006c70       ?_Tidy@?$_Tree@V?$_Tmap_traits@IIU?$less@I@std@@V?$allocator@U?$pair@$$CBII@std@@@2@$0A@@std@@@std@@IAEXXZ 00417c70 f i dll.obj
 0002:00006d90       ??0?$allocator@U?$pair@$$CBII@std@@@std@@QAE@XZ 00417d90 f i dll.obj
 0002:00006dd0       ??R?$less@I@std@@QBE_NABI0@Z 00417dd0 f i dll.obj
 0002:00006e20       ?_Nextnode@?$list@UDllTrackInfo@@V?$allocator@UDllTrackInfo@@@std@@@std@@KAAAPAU_Node@?$_List_nod@UDllTrackInfo@@V?$allocator@UDllTrackInfo@@@std@@@2@PAU342@@Z 00417e20 f i dll.obj
 0002:00006e60       ?_Prevnode@?$list@UDllTrackInfo@@V?$allocator@UDllTrackInfo@@@std@@@std@@KAAAPAU_Node@?$_List_nod@UDllTrackInfo@@V?$allocator@UDllTrackInfo@@@std@@@2@PAU342@@Z 00417e60 f i dll.obj
 0002:00006ea0       ?_Insert@?$list@UDllTrackInfo@@V?$allocator@UDllTrackInfo@@@std@@@std@@QAEXViterator@12@ABUDllTrackInfo@@@Z 00417ea0 f i dll.obj
 0002:00006f70       ?deallocate@?$allocator@U_Node@?$_List_nod@UDllTrackInfo@@V?$allocator@UDllTrackInfo@@@std@@@std@@@std@@QAEXPAU_Node@?$_List_nod@UDllTrackInfo@@V?$allocator@UDllTrackInfo@@@std@@@2@I@Z 00417f70 f i dll.obj
 0002:00006fd0       ?destroy@?$allocator@U_Node@?$_List_nod@UDllTrackInfo@@V?$allocator@UDllTrackInfo@@@std@@@std@@@std@@QAEXPAU_Node@?$_List_nod@UDllTrackInfo@@V?$allocator@UDllTrackInfo@@@std@@@2@@Z 00417fd0 f i dll.obj
 0002:00007030       ??0iterator@?$list@UDllTrackInfo@@V?$allocator@UDllTrackInfo@@@std@@@std@@QAE@PAU_Node@?$_List_nod@UDllTrackInfo@@V?$allocator@UDllTrackInfo@@@std@@@2@@Z 00418030 f i dll.obj
 0002:00007090       ??Diterator@?$list@UDllTrackInfo@@V?$allocator@UDllTrackInfo@@@std@@@std@@QBEAAUDllTrackInfo@@XZ 00418090 f i dll.obj
 0002:000070e0       ??Eiterator@?$list@UDllTrackInfo@@V?$allocator@UDllTrackInfo@@@std@@@std@@QAE?AV012@H@Z 004180e0 f i dll.obj
 0002:00007180       ??Econst_iterator@?$list@UDllTrackInfo@@V?$allocator@UDllTrackInfo@@@std@@@std@@QAEAAV012@XZ 00418180 f i dll.obj
 0002:000071f0       ??8const_iterator@?$list@UDllTrackInfo@@V?$allocator@UDllTrackInfo@@@std@@@std@@QBE_NABV012@@Z 004181f0 f i dll.obj
 0002:00007240       ?_Mynode@const_iterator@?$list@UDllTrackInfo@@V?$allocator@UDllTrackInfo@@@std@@@std@@QBEPAU_Node@?$_List_nod@UDllTrackInfo@@V?$allocator@UDllTrackInfo@@@std@@@3@XZ 00418240 f i dll.obj
 0002:00007280       ??0iterator@?$_Tree@V?$_Tmap_traits@IIU?$less@I@std@@V?$allocator@U?$pair@$$CBII@std@@@2@$0A@@std@@@std@@QAE@PAU_Node@?$_Tree_nod@V?$_Tmap_traits@IIU?$less@I@std@@V?$allocator@U?$pair@$$CBII@std@@@2@$0A@@std@@@2@@Z 00418280 f i dll.obj
 0002:000072e0       ??Diterator@?$_Tree@V?$_Tmap_traits@IIU?$less@I@std@@V?$allocator@U?$pair@$$CBII@std@@@2@$0A@@std@@@std@@QBEAAU?$pair@$$CBII@2@XZ 004182e0 f i dll.obj
 0002:00007330       ??Econst_iterator@?$_Tree@V?$_Tmap_traits@IIU?$less@I@std@@V?$allocator@U?$pair@$$CBII@std@@@2@$0A@@std@@@std@@QAEAAV012@XZ 00418330 f i dll.obj
 0002:00007390       ??8const_iterator@?$_Tree@V?$_Tmap_traits@IIU?$less@I@std@@V?$allocator@U?$pair@$$CBII@std@@@2@$0A@@std@@@std@@QBE_NABV012@@Z 00418390 f i dll.obj
 0002:000073e0       ?_Mynode@const_iterator@?$_Tree@V?$_Tmap_traits@IIU?$less@I@std@@V?$allocator@U?$pair@$$CBII@std@@@2@$0A@@std@@@std@@QBEPAU_Node@?$_Tree_nod@V?$_Tmap_traits@IIU?$less@I@std@@V?$allocator@U?$pair@$$CBII@std@@@2@$0A@@std@@@3@XZ 004183e0 f i dll.obj
 0002:00007420       ??0?$pair@$$CBII@std@@QAE@ABI0@Z 00418420 f i dll.obj
 0002:00007480       ?_Isnil@?$_Tree@V?$_Tmap_traits@IIU?$less@I@std@@V?$allocator@U?$pair@$$CBII@std@@@2@$0A@@std@@@std@@KAAADPAU_Node@?$_Tree_nod@V?$_Tmap_traits@IIU?$less@I@std@@V?$allocator@U?$pair@$$CBII@std@@@2@$0A@@std@@@2@@Z 00418480 f i dll.obj
 0002:000074c0       ?_Left@?$_Tree@V?$_Tmap_traits@IIU?$less@I@std@@V?$allocator@U?$pair@$$CBII@std@@@2@$0A@@std@@@std@@KAAAPAU_Node@?$_Tree_nod@V?$_Tmap_traits@IIU?$less@I@std@@V?$allocator@U?$pair@$$CBII@std@@@2@$0A@@std@@@2@PAU342@@Z 004184c0 f i dll.obj
 0002:00007500       ?_Parent@?$_Tree@V?$_Tmap_traits@IIU?$less@I@std@@V?$allocator@U?$pair@$$CBII@std@@@2@$0A@@std@@@std@@KAAAPAU_Node@?$_Tree_nod@V?$_Tmap_traits@IIU?$less@I@std@@V?$allocator@U?$pair@$$CBII@std@@@2@$0A@@std@@@2@PAU342@@Z 00418500 f i dll.obj
 0002:00007540       ?_Right@?$_Tree@V?$_Tmap_traits@IIU?$less@I@std@@V?$allocator@U?$pair@$$CBII@std@@@2@$0A@@std@@@std@@KAAAPAU_Node@?$_Tree_nod@V?$_Tmap_traits@IIU?$less@I@std@@V?$allocator@U?$pair@$$CBII@std@@@2@$0A@@std@@@2@PAU342@@Z 00418540 f i dll.obj
 0002:00007580       ?_Myval@?$_Tree@V?$_Tmap_traits@IIU?$less@I@std@@V?$allocator@U?$pair@$$CBII@std@@@2@$0A@@std@@@std@@KAAAU?$pair@$$CBII@2@PAU_Node@?$_Tree_nod@V?$_Tmap_traits@IIU?$less@I@std@@V?$allocator@U?$pair@$$CBII@std@@@2@$0A@@std@@@2@@Z 00418580 f i dll.obj
 0002:000075c0       ?insert@?$_Tree@V?$_Tmap_traits@IIU?$less@I@std@@V?$allocator@U?$pair@$$CBII@std@@@2@$0A@@std@@@std@@QAE?AU?$pair@Viterator@?$_Tree@V?$_Tmap_traits@IIU?$less@I@std@@V?$allocator@U?$pair@$$CBII@std@@@2@$0A@@std@@@std@@_N@2@ABU?$pair@$$CBII@2@@Z 004185c0 f i dll.obj
 0002:00007880       ?erase@?$_Tree@V?$_Tmap_traits@IIU?$less@I@std@@V?$allocator@U?$pair@$$CBII@std@@@2@$0A@@std@@@std@@QAE?AViterator@12@V312@@Z 00418880 f i dll.obj
 0002:00008280       ??0out_of_range@std@@QAE@ABV?$basic_string@DU?$char_traits@D@std@@V?$allocator@D@2@@1@@Z 00419280 f i dll.obj
 0002:000082f0       ??0logic_error@std@@QAE@ABV?$basic_string@DU?$char_traits@D@std@@V?$allocator@D@2@@1@@Z 004192f0 f i dll.obj
 0002:000083c0       ?what@logic_error@std@@UBEPBDXZ 004193c0 f i dll.obj
 0002:00008420       ??_Elogic_error@std@@UAEPAXI@Z 00419420 f i dll.obj
 0002:00008420       ??_Glogic_error@std@@UAEPAXI@Z 00419420 f i dll.obj
 0002:00008490       ??1logic_error@std@@UAE@XZ 00419490 f i dll.obj
 0002:00008550       ??1out_of_range@std@@UAE@XZ 00419550 f i dll.obj
 0002:000085b0       ??_Gout_of_range@std@@UAEPAXI@Z 004195b0 f i dll.obj
 0002:000085b0       ??_Eout_of_range@std@@UAEPAXI@Z 004195b0 f i dll.obj
 0002:00008620       ?clear@?$_Tree@V?$_Tmap_traits@IIU?$less@I@std@@V?$allocator@U?$pair@$$CBII@std@@@2@$0A@@std@@@std@@QAEXXZ 00419620 f i dll.obj
 0002:000086d0       ?upper_bound@?$_Tree@V?$_Tmap_traits@IIU?$less@I@std@@V?$allocator@U?$pair@$$CBII@std@@@2@$0A@@std@@@std@@QAE?AViterator@12@ABI@Z 004196d0 f i dll.obj
 0002:00008740       ?_Init@?$_Tree@V?$_Tmap_traits@IIU?$less@I@std@@V?$allocator@U?$pair@$$CBII@std@@@2@$0A@@std@@@std@@IAEXXZ 00419740 f i dll.obj
 0002:00008800       ?_Insert@?$_Tree@V?$_Tmap_traits@IIU?$less@I@std@@V?$allocator@U?$pair@$$CBII@std@@@2@$0A@@std@@@std@@IAE?AViterator@12@_NPAU_Node@?$_Tree_nod@V?$_Tmap_traits@IIU?$less@I@std@@V?$allocator@U?$pair@$$CBII@std@@@2@$0A@@std@@@2@ABU?$pair@$$CBII@2@@Z 00419800 f i dll.obj
 0002:00008dc0       ??0length_error@std@@QAE@ABV?$basic_string@DU?$char_traits@D@std@@V?$allocator@D@2@@1@@Z 00419dc0 f i dll.obj
 0002:00008e30       ??1length_error@std@@UAE@XZ 00419e30 f i dll.obj
 0002:00008e90       ??_Glength_error@std@@UAEPAXI@Z 00419e90 f i dll.obj
 0002:00008e90       ??_Elength_error@std@@UAEPAXI@Z 00419e90 f i dll.obj
 0002:00008f00       ?_Lbound@?$_Tree@V?$_Tmap_traits@IIU?$less@I@std@@V?$allocator@U?$pair@$$CBII@std@@@2@$0A@@std@@@std@@IBEPAU_Node@?$_Tree_nod@V?$_Tmap_traits@IIU?$less@I@std@@V?$allocator@U?$pair@$$CBII@std@@@2@$0A@@std@@@2@ABI@Z 00419f00 f i dll.obj
 0002:00008fe0       ?_Rmost@?$_Tree@V?$_Tmap_traits@IIU?$less@I@std@@V?$allocator@U?$pair@$$CBII@std@@@2@$0A@@std@@@std@@IAEAAPAU_Node@?$_Tree_nod@V?$_Tmap_traits@IIU?$less@I@std@@V?$allocator@U?$pair@$$CBII@std@@@2@$0A@@std@@@2@XZ 00419fe0 f i dll.obj
 0002:00009040       ??0?$_Tree_val@V?$_Tmap_traits@IIU?$less@I@std@@V?$allocator@U?$pair@$$CBII@std@@@2@$0A@@std@@@std@@IAE@ABU?$less@I@1@V?$allocator@U?$pair@$$CBII@std@@@1@@Z 0041a040 f i dll.obj
 0002:000090c0       ?_Kfn@?$_Tmap_traits@IIU?$less@I@std@@V?$allocator@U?$pair@$$CBII@std@@@2@$0A@@std@@SAABIABU?$pair@$$CBII@2@@Z 0041a0c0 f i dll.obj
 0002:00009100       ??0?$allocator@U?$pair@$$CBII@std@@@std@@QAE@ABV01@@Z 0041a100 f i dll.obj
 0002:00009140       ?deallocate@?$allocator@U_Node@?$_Tree_nod@V?$_Tmap_traits@IIU?$less@I@std@@V?$allocator@U?$pair@$$CBII@std@@@2@$0A@@std@@@std@@@std@@QAEXPAU_Node@?$_Tree_nod@V?$_Tmap_traits@IIU?$less@I@std@@V?$allocator@U?$pair@$$CBII@std@@@2@$0A@@std@@@2@I@Z 0041a140 f i dll.obj
 0002:000091a0       ?destroy@?$allocator@PAU_Node@?$_Tree_nod@V?$_Tmap_traits@IIU?$less@I@std@@V?$allocator@U?$pair@$$CBII@std@@@2@$0A@@std@@@std@@@std@@QAEXPAPAU_Node@?$_Tree_nod@V?$_Tmap_traits@IIU?$less@I@std@@V?$allocator@U?$pair@$$CBII@std@@@2@$0A@@std@@@2@@Z 0041a1a0 f i dll.obj
 0002:00009200       ?_Buynode@?$list@UDllTrackInfo@@V?$allocator@UDllTrackInfo@@@std@@@std@@IAEPAU_Node@?$_List_nod@UDllTrackInfo@@V?$allocator@UDllTrackInfo@@@std@@@2@PAU342@0ABUDllTrackInfo@@@Z 0041a200 f i dll.obj
 0002:00009340       ??2@YAPAXIPAX@Z            0041a340 f i dll.obj
 0002:00009380       ??3@YAXPAX0@Z              0041a380 f i dll.obj
 0002:000093b0       ?_Incsize@?$list@UDllTrackInfo@@V?$allocator@UDllTrackInfo@@@std@@@std@@IAEXI@Z 0041a3b0 f i dll.obj
 0002:000094a0       ?allocate@?$allocator@U_Node@?$_List_nod@UDllTrackInfo@@V?$allocator@UDllTrackInfo@@@std@@@std@@@std@@QAEPAU_Node@?$_List_nod@UDllTrackInfo@@V?$allocator@UDllTrackInfo@@@std@@@2@I@Z 0041a4a0 f i dll.obj
 0002:00009500       ??0const_iterator@?$list@UDllTrackInfo@@V?$allocator@UDllTrackInfo@@@std@@@std@@QAE@PAU_Node@?$_List_nod@UDllTrackInfo@@V?$allocator@UDllTrackInfo@@@std@@@2@@Z 0041a500 f i dll.obj
 0002:00009550       ??Dconst_iterator@?$list@UDllTrackInfo@@V?$allocator@UDllTrackInfo@@@std@@@std@@QBEABUDllTrackInfo@@XZ 0041a550 f i dll.obj
 0002:000095b0       ??0iterator@?$_Tree@V?$_Tmap_traits@IIU?$less@I@std@@V?$allocator@U?$pair@$$CBII@std@@@2@$0A@@std@@@std@@QAE@XZ 0041a5b0 f i dll.obj
 0002:00009610       ??Eiterator@?$_Tree@V?$_Tmap_traits@IIU?$less@I@std@@V?$allocator@U?$pair@$$CBII@std@@@2@$0A@@std@@@std@@QAE?AV012@H@Z 0041a610 f i dll.obj
 0002:000096b0       ??Fiterator@?$_Tree@V?$_Tmap_traits@IIU?$less@I@std@@V?$allocator@U?$pair@$$CBII@std@@@2@$0A@@std@@@std@@QAEAAV012@XZ 0041a6b0 f i dll.obj
 0002:00009710       ??0const_iterator@?$_Tree@V?$_Tmap_traits@IIU?$less@I@std@@V?$allocator@U?$pair@$$CBII@std@@@2@$0A@@std@@@std@@QAE@PAU_Node@?$_Tree_nod@V?$_Tmap_traits@IIU?$less@I@std@@V?$allocator@U?$pair@$$CBII@std@@@2@$0A@@std@@@2@@Z 0041a710 f i dll.obj
 0002:00009760       ??Dconst_iterator@?$_Tree@V?$_Tmap_traits@IIU?$less@I@std@@V?$allocator@U?$pair@$$CBII@std@@@2@$0A@@std@@@std@@QBEABU?$pair@$$CBII@2@XZ 0041a760 f i dll.obj
 0002:000097c0       ?_Inc@const_iterator@?$_Tree@V?$_Tmap_traits@IIU?$less@I@std@@V?$allocator@U?$pair@$$CBII@std@@@2@$0A@@std@@@std@@QAEXXZ 0041a7c0 f i dll.obj
 0002:000098e0       ??0?$pair@Viterator@?$_Tree@V?$_Tmap_traits@IIU?$less@I@std@@V?$allocator@U?$pair@$$CBII@std@@@2@$0A@@std@@@std@@V123@@std@@QAE@ABViterator@?$_Tree@V?$_Tmap_traits@IIU?$less@I@std@@V?$allocator@U?$pair@$$CBII@std@@@2@$0A@@std@@@1@0@Z 0041a8e0 f i dll.obj
 0002:00009940       ??0out_of_range@std@@QAE@ABV01@@Z 0041a940 f i dll.obj
 0002:000099b0       ??0logic_error@std@@QAE@ABV01@@Z 0041a9b0 f i dll.obj
 0002:00009a80       ??0length_error@std@@QAE@ABV01@@Z 0041aa80 f i dll.obj
 0002:00009af0       ?_Color@?$_Tree@V?$_Tmap_traits@IIU?$less@I@std@@V?$allocator@U?$pair@$$CBII@std@@@2@$0A@@std@@@std@@KAAADPAU_Node@?$_Tree_nod@V?$_Tmap_traits@IIU?$less@I@std@@V?$allocator@U?$pair@$$CBII@std@@@2@$0A@@std@@@2@@Z 0041aaf0 f i dll.obj
 0002:00009b30       ?max_size@?$_Tree@V?$_Tmap_traits@IIU?$less@I@std@@V?$allocator@U?$pair@$$CBII@std@@@2@$0A@@std@@@std@@QBEIXZ 0041ab30 f i dll.obj
 0002:00009b90       ?_Erase@?$_Tree@V?$_Tmap_traits@IIU?$less@I@std@@V?$allocator@U?$pair@$$CBII@std@@@2@$0A@@std@@@std@@IAEXPAU_Node@?$_Tree_nod@V?$_Tmap_traits@IIU?$less@I@std@@V?$allocator@U?$pair@$$CBII@std@@@2@$0A@@std@@@2@@Z 0041ab90 f i dll.obj
 0002:00009c60       ?_Lrotate@?$_Tree@V?$_Tmap_traits@IIU?$less@I@std@@V?$allocator@U?$pair@$$CBII@std@@@2@$0A@@std@@@std@@IAEXPAU_Node@?$_Tree_nod@V?$_Tmap_traits@IIU?$less@I@std@@V?$allocator@U?$pair@$$CBII@std@@@2@$0A@@std@@@2@@Z 0041ac60 f i dll.obj
 0002:00009e10       ?_Max@?$_Tree@V?$_Tmap_traits@IIU?$less@I@std@@V?$allocator@U?$pair@$$CBII@std@@@2@$0A@@std@@@std@@KAPAU_Node@?$_Tree_nod@V?$_Tmap_traits@IIU?$less@I@std@@V?$allocator@U?$pair@$$CBII@std@@@2@$0A@@std@@@2@PAU342@@Z 0041ae10 f i dll.obj
 0002:00009e90       ?_Min@?$_Tree@V?$_Tmap_traits@IIU?$less@I@std@@V?$allocator@U?$pair@$$CBII@std@@@2@$0A@@std@@@std@@KAPAU_Node@?$_Tree_nod@V?$_Tmap_traits@IIU?$less@I@std@@V?$allocator@U?$pair@$$CBII@std@@@2@$0A@@std@@@2@PAU342@@Z 0041ae90 f i dll.obj
 0002:00009f10       ?_Root@?$_Tree@V?$_Tmap_traits@IIU?$less@I@std@@V?$allocator@U?$pair@$$CBII@std@@@2@$0A@@std@@@std@@IAEAAPAU_Node@?$_Tree_nod@V?$_Tmap_traits@IIU?$less@I@std@@V?$allocator@U?$pair@$$CBII@std@@@2@$0A@@std@@@2@XZ 0041af10 f i dll.obj
 0002:00009f70       ?_Root@?$_Tree@V?$_Tmap_traits@IIU?$less@I@std@@V?$allocator@U?$pair@$$CBII@std@@@2@$0A@@std@@@std@@IBEAAPAU_Node@?$_Tree_nod@V?$_Tmap_traits@IIU?$less@I@std@@V?$allocator@U?$pair@$$CBII@std@@@2@$0A@@std@@@2@XZ 0041af70 f i dll.obj
 0002:00009fd0       ?_Rrotate@?$_Tree@V?$_Tmap_traits@IIU?$less@I@std@@V?$allocator@U?$pair@$$CBII@std@@@2@$0A@@std@@@std@@IAEXPAU_Node@?$_Tree_nod@V?$_Tmap_traits@IIU?$less@I@std@@V?$allocator@U?$pair@$$CBII@std@@@2@$0A@@std@@@2@@Z 0041afd0 f i dll.obj
 0002:0000a180       ?_Ubound@?$_Tree@V?$_Tmap_traits@IIU?$less@I@std@@V?$allocator@U?$pair@$$CBII@std@@@2@$0A@@std@@@std@@IBEPAU_Node@?$_Tree_nod@V?$_Tmap_traits@IIU?$less@I@std@@V?$allocator@U?$pair@$$CBII@std@@@2@$0A@@std@@@2@ABI@Z 0041b180 f i dll.obj
 0002:0000a260       ?_Buynode@?$_Tree@V?$_Tmap_traits@IIU?$less@I@std@@V?$allocator@U?$pair@$$CBII@std@@@2@$0A@@std@@@std@@IAEPAU_Node@?$_Tree_nod@V?$_Tmap_traits@IIU?$less@I@std@@V?$allocator@U?$pair@$$CBII@std@@@2@$0A@@std@@@2@XZ 0041b260 f i dll.obj
 0002:0000a480       ?_Buynode@?$_Tree@V?$_Tmap_traits@IIU?$less@I@std@@V?$allocator@U?$pair@$$CBII@std@@@2@$0A@@std@@@std@@IAEPAU_Node@?$_Tree_nod@V?$_Tmap_traits@IIU?$less@I@std@@V?$allocator@U?$pair@$$CBII@std@@@2@$0A@@std@@@2@PAU342@00ABU?$pair@$$CBII@2@D@Z 0041b480 f i dll.obj
 0002:0000a5d0       ??0?$_Tree_ptr@V?$_Tmap_traits@IIU?$less@I@std@@V?$allocator@U?$pair@$$CBII@std@@@2@$0A@@std@@@std@@IAE@ABU?$less@I@1@V?$allocator@U?$pair@$$CBII@std@@@1@@Z 0041b5d0 f i dll.obj
 0002:0000a650       ?destroy@?$allocator@U_Node@?$_Tree_nod@V?$_Tmap_traits@IIU?$less@I@std@@V?$allocator@U?$pair@$$CBII@std@@@2@$0A@@std@@@std@@@std@@QAEXPAU_Node@?$_Tree_nod@V?$_Tmap_traits@IIU?$less@I@std@@V?$allocator@U?$pair@$$CBII@std@@@2@$0A@@std@@@2@@Z 0041b650 f i dll.obj
 0002:0000a6b0       ?_Myval@?$list@UDllTrackInfo@@V?$allocator@UDllTrackInfo@@@std@@@std@@KAAAUDllTrackInfo@@PAU_Node@?$_List_nod@UDllTrackInfo@@V?$allocator@UDllTrackInfo@@@std@@@2@@Z 0041b6b0 f i dll.obj
 0002:0000a6f0       ?max_size@?$list@UDllTrackInfo@@V?$allocator@UDllTrackInfo@@@std@@@std@@QBEIXZ 0041b6f0 f i dll.obj
 0002:0000a750       ??0const_iterator@?$_Tree@V?$_Tmap_traits@IIU?$less@I@std@@V?$allocator@U?$pair@$$CBII@std@@@2@$0A@@std@@@std@@QAE@XZ 0041b750 f i dll.obj
 0002:0000a7a0       ??Fconst_iterator@?$_Tree@V?$_Tmap_traits@IIU?$less@I@std@@V?$allocator@U?$pair@$$CBII@std@@@2@$0A@@std@@@std@@QAEAAV012@XZ 0041b7a0 f i dll.obj
 0002:0000a800       ??0?$pair@Viterator@?$_Tree@V?$_Tmap_traits@IIU?$less@I@std@@V?$allocator@U?$pair@$$CBII@std@@@2@$0A@@std@@@std@@_N@std@@QAE@ABViterator@?$_Tree@V?$_Tmap_traits@IIU?$less@I@std@@V?$allocator@U?$pair@$$CBII@std@@@2@$0A@@std@@@1@AB_N@Z 0041b800 f i dll.obj
 0002:0000a860       ??0_Node@?$_List_nod@UDllTrackInfo@@V?$allocator@UDllTrackInfo@@@std@@@std@@QAE@PAU012@0ABUDllTrackInfo@@@Z 0041b860 f i dll.obj
 0002:0000a8e0       ??0DllTrackInfo@@QAE@ABU0@@Z 0041b8e0 f i dll.obj
 0002:0000a970       ??0?$map@IIU?$less@I@std@@V?$allocator@U?$pair@$$CBII@std@@@2@@std@@QAE@ABV01@@Z 0041b970 f i dll.obj
 0002:0000a9d0       ??0?$_Tree@V?$_Tmap_traits@IIU?$less@I@std@@V?$allocator@U?$pair@$$CBII@std@@@2@$0A@@std@@@std@@QAE@ABV01@@Z 0041b9d0 f i dll.obj
 0002:0000aac0       ??0?$_Tree_nod@V?$_Tmap_traits@IIU?$less@I@std@@V?$allocator@U?$pair@$$CBII@std@@@2@$0A@@std@@@std@@IAE@ABU?$less@I@1@V?$allocator@U?$pair@$$CBII@std@@@1@@Z 0041bac0 f i dll.obj
 0002:0000ab30       ?max_size@?$allocator@U?$pair@$$CBII@std@@@std@@QBEIXZ 0041bb30 f i dll.obj
 0002:0000aba0       ?allocate@?$allocator@U_Node@?$_Tree_nod@V?$_Tmap_traits@IIU?$less@I@std@@V?$allocator@U?$pair@$$CBII@std@@@2@$0A@@std@@@std@@@std@@QAEPAU_Node@?$_Tree_nod@V?$_Tmap_traits@IIU?$less@I@std@@V?$allocator@U?$pair@$$CBII@std@@@2@$0A@@std@@@2@I@Z 0041bba0 f i dll.obj
 0002:0000ac00       ?construct@?$allocator@PAU_Node@?$_Tree_nod@V?$_Tmap_traits@IIU?$less@I@std@@V?$allocator@U?$pair@$$CBII@std@@@2@$0A@@std@@@std@@@std@@QAEXPAPAU_Node@?$_Tree_nod@V?$_Tmap_traits@IIU?$less@I@std@@V?$allocator@U?$pair@$$CBII@std@@@2@$0A@@std@@@2@ABQAU342@@Z 0041bc00 f i dll.obj
 0002:0000ac60       ?max_size@?$allocator@UDllTrackInfo@@@std@@QBEIXZ 0041bc60 f i dll.obj
 0002:0000acd0       ?_Dec@const_iterator@?$_Tree@V?$_Tmap_traits@IIU?$less@I@std@@V?$allocator@U?$pair@$$CBII@std@@@2@$0A@@std@@@std@@QAEXXZ 0041bcd0 f i dll.obj
 0002:0000ae20       ??0_Node@?$_Tree_nod@V?$_Tmap_traits@IIU?$less@I@std@@V?$allocator@U?$pair@$$CBII@std@@@2@$0A@@std@@@std@@QAE@PAU012@00ABU?$pair@$$CBII@2@D@Z 0041be20 f i dll.obj
 0002:0000aeb0       ?get_allocator@?$_Tree@V?$_Tmap_traits@IIU?$less@I@std@@V?$allocator@U?$pair@$$CBII@std@@@2@$0A@@std@@@std@@QBE?AV?$allocator@U?$pair@$$CBII@std@@@2@XZ 0041beb0 f i dll.obj
 0002:0000af10       ?key_comp@?$_Tree@V?$_Tmap_traits@IIU?$less@I@std@@V?$allocator@U?$pair@$$CBII@std@@@2@$0A@@std@@@std@@QBE?AU?$less@I@2@XZ 0041bf10 f i dll.obj
 0002:0000af50       ?_Copy@?$_Tree@V?$_Tmap_traits@IIU?$less@I@std@@V?$allocator@U?$pair@$$CBII@std@@@2@$0A@@std@@@std@@IAEXABV12@@Z 0041bf50 f i dll.obj
 0002:0000b070       ??0?$_Tmap_traits@IIU?$less@I@std@@V?$allocator@U?$pair@$$CBII@std@@@2@$0A@@std@@QAE@U?$less@I@1@@Z 0041c070 f i dll.obj
 0002:0000b0b0       ?_Copy@?$_Tree@V?$_Tmap_traits@IIU?$less@I@std@@V?$allocator@U?$pair@$$CBII@std@@@2@$0A@@std@@@std@@IAEPAU_Node@?$_Tree_nod@V?$_Tmap_traits@IIU?$less@I@std@@V?$allocator@U?$pair@$$CBII@std@@@2@$0A@@std@@@2@PAU342@0@Z 0041c0b0 f i dll.obj
 0002:0000b2b0       ??$_Distance@Viterator@?$_Tree@V?$_Tmap_traits@IIU?$less@I@std@@V?$allocator@U?$pair@$$CBII@std@@@2@$0A@@std@@@std@@I@std@@YAXViterator@?$_Tree@V?$_Tmap_traits@IIU?$less@I@std@@V?$allocator@U?$pair@$$CBII@std@@@2@$0A@@std@@@0@0AAI@Z 0041c2b0 f i dll.obj
 0002:0000b330       ??$_Destroy@U_Node@?$_List_nod@UDllTrackInfo@@V?$allocator@UDllTrackInfo@@@std@@@std@@@std@@YAXPAU_Node@?$_List_nod@UDllTrackInfo@@V?$allocator@UDllTrackInfo@@@std@@@0@@Z 0041c330 f i dll.obj
 0002:0000b380       ??$swap@D@std@@YAXAAD0@Z   0041c380 f i dll.obj
 0002:0000b3d0       ??$_Destroy@PAU_Node@?$_Tree_nod@V?$_Tmap_traits@IIU?$less@I@std@@V?$allocator@U?$pair@$$CBII@std@@@2@$0A@@std@@@std@@@std@@YAXPAPAU_Node@?$_Tree_nod@V?$_Tmap_traits@IIU?$less@I@std@@V?$allocator@U?$pair@$$CBII@std@@@2@$0A@@std@@@0@@Z 0041c3d0 f i dll.obj
 0002:0000b400       ??$_Allocate@U_Node@?$_List_nod@UDllTrackInfo@@V?$allocator@UDllTrackInfo@@@std@@@std@@@std@@YAPAU_Node@?$_List_nod@UDllTrackInfo@@V?$allocator@UDllTrackInfo@@@std@@@0@IPAU120@@Z 0041c400 f i dll.obj
 0002:0000b460       ??$?0U?$pair@$$CBII@std@@@?$allocator@PAU_Node@?$_Tree_nod@V?$_Tmap_traits@IIU?$less@I@std@@V?$allocator@U?$pair@$$CBII@std@@@2@$0A@@std@@@std@@@std@@QAE@ABV?$allocator@U?$pair@$$CBII@std@@@1@@Z 0041c460 f i dll.obj
 0002:0000b4a0       ??$_Destroy@U_Node@?$_Tree_nod@V?$_Tmap_traits@IIU?$less@I@std@@V?$allocator@U?$pair@$$CBII@std@@@2@$0A@@std@@@std@@@std@@YAXPAU_Node@?$_Tree_nod@V?$_Tmap_traits@IIU?$less@I@std@@V?$allocator@U?$pair@$$CBII@std@@@2@$0A@@std@@@0@@Z 0041c4a0 f i dll.obj
 0002:0000b4d0       ??$?0U?$pair@$$CBII@std@@@?$allocator@U_Node@?$_Tree_nod@V?$_Tmap_traits@IIU?$less@I@std@@V?$allocator@U?$pair@$$CBII@std@@@2@$0A@@std@@@std@@@std@@QAE@ABV?$allocator@U?$pair@$$CBII@std@@@1@@Z 0041c4d0 f i dll.obj
 0002:0000b510       ??$_Allocate@U_Node@?$_Tree_nod@V?$_Tmap_traits@IIU?$less@I@std@@V?$allocator@U?$pair@$$CBII@std@@@2@$0A@@std@@@std@@@std@@YAPAU_Node@?$_Tree_nod@V?$_Tmap_traits@IIU?$less@I@std@@V?$allocator@U?$pair@$$CBII@std@@@2@$0A@@std@@@0@IPAU120@@Z 0041c510 f i dll.obj
 0002:0000b570       ??$_Construct@PAU_Node@?$_Tree_nod@V?$_Tmap_traits@IIU?$less@I@std@@V?$allocator@U?$pair@$$CBII@std@@@2@$0A@@std@@@std@@PAU123@@std@@YAXPAPAU_Node@?$_Tree_nod@V?$_Tmap_traits@IIU?$less@I@std@@V?$allocator@U?$pair@$$CBII@std@@@2@$0A@@std@@@0@ABQAU120@@Z 0041c570 f i dll.obj
 0002:0000b610       ??_G_Node@?$_List_nod@UDllTrackInfo@@V?$allocator@UDllTrackInfo@@@std@@@std@@QAEPAXI@Z 0041c610 f i dll.obj
 0002:0000b680       ??1_Node@?$_List_nod@UDllTrackInfo@@V?$allocator@UDllTrackInfo@@@std@@@std@@QAE@XZ 0041c680 f i dll.obj
 0002:0000b6e0       ??$_Iter_cat@Viterator@?$_Tree@V?$_Tmap_traits@IIU?$less@I@std@@V?$allocator@U?$pair@$$CBII@std@@@2@$0A@@std@@@std@@@std@@YA?AUbidirectional_iterator_tag@0@ABViterator@?$_Tree@V?$_Tmap_traits@IIU?$less@I@std@@V?$allocator@U?$pair@$$CBII@std@@@2@$0A@@std@@@0@@Z 0041c6e0 f i dll.obj
 0002:0000b750       ??$_Distance2@Viterator@?$_Tree@V?$_Tmap_traits@IIU?$less@I@std@@V?$allocator@U?$pair@$$CBII@std@@@2@$0A@@std@@@std@@I@std@@YAXViterator@?$_Tree@V?$_Tmap_traits@IIU?$less@I@std@@V?$allocator@U?$pair@$$CBII@std@@@2@$0A@@std@@@0@0AAIUbidirectional_iterator_tag@0@@Z 0041c750 f i dll.obj
 0002:0000b7d0       ??0?$list@UDllTrackInfo@@V?$allocator@UDllTrackInfo@@@std@@@std@@QAE@XZ 0041c7d0 f i dll.obj
 0002:0000b850       ?_Buynode@?$list@UDllTrackInfo@@V?$allocator@UDllTrackInfo@@@std@@@std@@IAEPAU_Node@?$_List_nod@UDllTrackInfo@@V?$allocator@UDllTrackInfo@@@std@@@2@XZ 0041c850 f i dll.obj
 0002:0000b9e0       ??0?$_List_val@UDllTrackInfo@@V?$allocator@UDllTrackInfo@@@std@@@std@@IAE@V?$allocator@UDllTrackInfo@@@1@@Z 0041c9e0 f i dll.obj
 0002:0000ba60       ??0?$allocator@UDllTrackInfo@@@std@@QAE@XZ 0041ca60 f i dll.obj
 0002:0000baa0       ??0?$_List_ptr@UDllTrackInfo@@V?$allocator@UDllTrackInfo@@@std@@@std@@IAE@V?$allocator@UDllTrackInfo@@@1@@Z 0041caa0 f i dll.obj
 0002:0000bb20       ??0?$allocator@UDllTrackInfo@@@std@@QAE@ABV01@@Z 0041cb20 f i dll.obj
 0002:0000bb60       ?construct@?$allocator@PAU_Node@?$_List_nod@UDllTrackInfo@@V?$allocator@UDllTrackInfo@@@std@@@std@@@std@@QAEXPAPAU_Node@?$_List_nod@UDllTrackInfo@@V?$allocator@UDllTrackInfo@@@std@@@2@ABQAU342@@Z 0041cb60 f i dll.obj
 0002:0000bbc0       ?destroy@?$allocator@PAU_Node@?$_List_nod@UDllTrackInfo@@V?$allocator@UDllTrackInfo@@@std@@@std@@@std@@QAEXPAPAU_Node@?$_List_nod@UDllTrackInfo@@V?$allocator@UDllTrackInfo@@@std@@@2@@Z 0041cbc0 f i dll.obj
 0002:0000bc20       ??0?$_List_nod@UDllTrackInfo@@V?$allocator@UDllTrackInfo@@@std@@@std@@IAE@V?$allocator@UDllTrackInfo@@@1@@Z 0041cc20 f i dll.obj
 0002:0000bc80       ??$?0UDllTrackInfo@@@?$allocator@PAU_Node@?$_List_nod@UDllTrackInfo@@V?$allocator@UDllTrackInfo@@@std@@@std@@@std@@QAE@ABV?$allocator@UDllTrackInfo@@@1@@Z 0041cc80 f i dll.obj
 0002:0000bcc0       ??$_Construct@PAU_Node@?$_List_nod@UDllTrackInfo@@V?$allocator@UDllTrackInfo@@@std@@@std@@PAU123@@std@@YAXPAPAU_Node@?$_List_nod@UDllTrackInfo@@V?$allocator@UDllTrackInfo@@@std@@@0@ABQAU120@@Z 0041ccc0 f i dll.obj
 0002:0000bd60       ??$_Destroy@PAU_Node@?$_List_nod@UDllTrackInfo@@V?$allocator@UDllTrackInfo@@@std@@@std@@@std@@YAXPAPAU_Node@?$_List_nod@UDllTrackInfo@@V?$allocator@UDllTrackInfo@@@std@@@0@@Z 0041cd60 f i dll.obj
 0002:0000bd90       ??$?0UDllTrackInfo@@@?$allocator@U_Node@?$_List_nod@UDllTrackInfo@@V?$allocator@UDllTrackInfo@@@std@@@std@@@std@@QAE@ABV?$allocator@UDllTrackInfo@@@1@@Z 0041cd90 f i dll.obj
 0002:0000bdd0       ??1?$list@UDllTrackInfo@@V?$allocator@UDllTrackInfo@@@std@@@std@@QAE@XZ 0041cdd0 f i dll.obj
 0002:0000be20       ?_Tidy@?$list@UDllTrackInfo@@V?$allocator@UDllTrackInfo@@@std@@@std@@IAEXXZ 0041ce20 f i dll.obj
 0002:0000bee0       ?clear@?$list@UDllTrackInfo@@V?$allocator@UDllTrackInfo@@@std@@@std@@QAEXXZ 0041cee0 f i dll.obj
 0002:0000bfe0       ?CreateD3D@@YAHPAUHWND__@@@Z 0041cfe0 f   Main.obj
 0002:0000c160       ?DestroyD3D@@YAXXZ         0041d160 f   Main.obj
 0002:0000c210       ?OutputWaveInError@@YAXI@Z 0041d210 f   Main.obj
 0002:0000c2d0       ?AddWaveInBuffer@@YAIH@Z   0041d2d0 f   Main.obj
 0002:0000c3a0       ?RemoveWaveInBuffer@@YAIH@Z 0041d3a0 f   Main.obj
 0002:0000c430       ?CreateWaveIn@@YAIPAUHWND__@@@Z 0041d430 f   Main.obj
 0002:0000c670       ?DestroyWaveIn@@YAIXZ      0041d670 f   Main.obj
 0002:0000c7c0       ?TxWndProc@@YGJPAUHWND__@@IIJ@Z 0041d7c0 f   Main.obj
 0002:0000cb50       _WinMain@16                0041db50 f   Main.obj
 0002:0000d050       ?_CIpow@XboxExports@@YANXZ 0041e050 f   XboxExports.obj
 0002:0000d0c0       ?Init@XboxExports@@YAXXZ   0041e0c0 f   XboxExports.obj
 0002:0000defa       _waveInGetErrorTextA@12    0041eefa f   winmm:WINMM.dll
 0002:0000df00       _waveInAddBuffer@12        0041ef00 f   winmm:WINMM.dll
 0002:0000df06       _waveInPrepareHeader@12    0041ef06 f   winmm:WINMM.dll
 0002:0000df0c       _waveInUnprepareHeader@12  0041ef0c f   winmm:WINMM.dll
 0002:0000df12       _waveInStart@4             0041ef12 f   winmm:WINMM.dll
 0002:0000df18       _waveInOpen@24             0041ef18 f   winmm:WINMM.dll
 0002:0000df1e       _waveInClose@4             0041ef1e f   winmm:WINMM.dll
 0002:0000df24       _timeGetTime@0             0041ef24 f   winmm:WINMM.dll
 0002:0000df2a       _Direct3DCreate8@4         0041ef2a f   xbox_dx8:xbox_dx8.dll
 0002:0000df30       _D3DXCreateTextureFromFileInMemory@16 0041ef30 f   xbox_dx8:xbox_dx8.dll
 0002:0000df36       _D3DXCreateTexture@32      0041ef36 f   xbox_dx8:xbox_dx8.dll
 0002:0000df3c       _OutputDebugStringA@4      0041ef3c f   kernel32:KERNEL32.dll
 0002:0000df42       _Sleep@4                   0041ef42 f   kernel32:KERNEL32.dll
 0002:0000df48       _GetStdHandle@4            0041ef48 f   kernel32:KERNEL32.dll
 0002:0000df4e       _AllocConsole@0            0041ef4e f   kernel32:KERNEL32.dll
 0002:0000df54       _DefWindowProcA@16         0041ef54 f   user32:USER32.dll
 0002:0000df5a       _KillTimer@8               0041ef5a f   user32:USER32.dll
 0002:0000df60       _SetTimer@16               0041ef60 f   user32:USER32.dll
 0002:0000df66       _DestroyWindow@4           0041ef66 f   user32:USER32.dll
 0002:0000df6c       _DispatchMessageA@4        0041ef6c f   user32:USER32.dll
 0002:0000df72       _TranslateMessage@4        0041ef72 f   user32:USER32.dll
 0002:0000df78       _GetMessageA@16            0041ef78 f   user32:USER32.dll
 0002:0000df7e       _IsWindow@4                0041ef7e f   user32:USER32.dll
 0002:0000df84       _UpdateWindow@4            0041ef84 f   user32:USER32.dll
 0002:0000df8a       _ShowWindow@8              0041ef8a f   user32:USER32.dll
 0002:0000df90       _CreateWindowExA@48        0041ef90 f   user32:USER32.dll
 0002:0000df96       _RegisterClassA@4          0041ef96 f   user32:USER32.dll
 0002:0000df9c       _LoadCursorA@8             0041ef9c f   user32:USER32.dll
 0002:0000dfa2       _MessageBoxA@16            0041efa2 f   user32:USER32.dll
 0002:0000dfa8       __RTC_InitBase             0041efa8 f   MSVCRT:init.obj
 0002:0000dfd7       __RTC_Shutdown             0041efd7 f   MSVCRT:init.obj
 0002:0000dfee       ??3@YAXPAX@Z               0041efee f   MSVCRT:MSVCR71.dll
 0002:0000dff4       __RTC_CheckEsp             0041eff4 f   MSVCRT:stack.obj
 0002:0000e01f       @_RTC_CheckStackVars@8     0041f01f f   MSVCRT:stack.obj
 0002:0000e090       _printf                    0041f090 f   MSVCRT:MSVCR71.dll
 0002:0000e096       ??2@YAPAXI@Z               0041f096 f   MSVCRT:MSVCR71.dll
 0002:0000e09c       _fseek                     0041f09c f   MSVCRT:MSVCR71.dll
 0002:0000e0a2       _strncmp                   0041f0a2 f   MSVCRT:MSVCR71.dll
 0002:0000e0a8       _fread                     0041f0a8 f   MSVCRT:MSVCR71.dll
 0002:0000e0ae       _memset                    0041f0ae f   MSVCRT:MSVCR71.dll
 0002:0000e0b4       _rewind                    0041f0b4 f   MSVCRT:MSVCR71.dll
 0002:0000e0ba       _ftell                     0041f0ba f   MSVCRT:MSVCR71.dll
 0002:0000e0c0       _sprintf                   0041f0c0 f   MSVCRT:MSVCR71.dll
 0002:0000e0c6       _strlen                    0041f0c6 f   MSVCRT:MSVCR71.dll
 0002:0000e0cc       _strncpy                   0041f0cc f   MSVCRT:MSVCR71.dll
 0002:0000e0e0       __allshr                   0041f0e0 f   MSVCRT:llshr.obj
 0002:0000e10a       _malloc                    0041f10a f   MSVCRT:MSVCR71.dll
 0002:0000e110       _calloc                    0041f110 f   MSVCRT:MSVCR71.dll
 0002:0000e116       _realloc                   0041f116 f   MSVCRT:MSVCR71.dll
 0002:0000e11c       _free                      0041f11c f   MSVCRT:MSVCR71.dll
 0002:0000e122       _strcmp                    0041f122 f   MSVCRT:MSVCR71.dll
 0002:0000e128       _strstr                    0041f128 f   MSVCRT:MSVCR71.dll
 0002:0000e12e       _memcmp                    0041f12e f   MSVCRT:MSVCR71.dll
 0002:0000e134       _strrchr                   0041f134 f   MSVCRT:MSVCR71.dll
 0002:0000e13a       ___CxxFrameHandler         0041f13a f   MSVCRT:MSVCR71.dll
 0002:0000e140       _strcpy                    0041f140 f   MSVCRT:MSVCR71.dll
 0002:0000e146       ??_U@YAPAXI@Z              0041f146 f   MSVCRT:MSVCR71.dll
 0002:0000e14c       ??_V@YAXPAX@Z              0041f14c f   MSVCRT:MSVCR71.dll
 0002:0000e152       _fclose                    0041f152 f   MSVCRT:MSVCR71.dll
 0002:0000e158       _fopen                     0041f158 f   MSVCRT:MSVCR71.dll
 0002:0000e15e       ??0exception@@QAE@ABV0@@Z  0041f15e f   MSVCRT:MSVCR71.dll
 0002:0000e164       ??0type_info@@AAE@ABV0@@Z  0041f164 f   MSVCRT:ti_inst.obj
 0002:0000e171       ??_Etype_info@@UAEPAXI@Z   0041f171 f i MSVCRT:ti_inst.obj
 0002:0000e1ce       ??4type_info@@AAEAAV0@ABV0@@Z 0041f1ce f   MSVCRT:ti_inst.obj
 0002:0000e1d4       __CxxThrowException@8      0041f1d4 f   MSVCRT:MSVCR71.dll
 0002:0000e1da       ??1exception@@UAE@XZ       0041f1da f   MSVCRT:MSVCR71.dll
 0002:0000e1e0       ??0exception@@QAE@XZ       0041f1e0 f   MSVCRT:MSVCR71.dll
 0002:0000e1e6       __onexit                   0041f1e6 f   MSVCRT:atonexit.obj
 0002:0000e215       _atexit                    0041f215 f   MSVCRT:atonexit.obj
 0002:0000e22c       __getch                    0041f22c f   MSVCRT:MSVCR71.dll
 0002:0000e232       _setvbuf                   0041f232 f   MSVCRT:MSVCR71.dll
 0002:0000e238       __fdopen                   0041f238 f   MSVCRT:MSVCR71.dll
 0002:0000e23e       __open_osfhandle           0041f23e f   MSVCRT:MSVCR71.dll
 0002:0000e244       _pow                       0041f244 f   MSVCRT:MSVCR71.dll
 0002:0000e24a       _exit                      0041f24a f   MSVCRT:MSVCR71.dll
 0002:0000e250       _srand                     0041f250 f   MSVCRT:MSVCR71.dll
 0002:0000e256       _rand                      0041f256 f   MSVCRT:MSVCR71.dll
 0002:0000e25c       _puts                      0041f25c f   MSVCRT:MSVCR71.dll
 0002:0000e262       _isspace                   0041f262 f   MSVCRT:MSVCR71.dll
 0002:0000e268       _isdigit                   0041f268 f   MSVCRT:MSVCR71.dll
 0002:0000e26e       _isalnum                   0041f26e f   MSVCRT:MSVCR71.dll
 0002:0000e274       _atoi                      0041f274 f   MSVCRT:MSVCR71.dll
 0002:0000e27a       _abort                     0041f27a f   MSVCRT:MSVCR71.dll
 0002:0000e280       __vsnprintf                0041f280 f   MSVCRT:MSVCR71.dll
 0002:0000e286       __stricmp                  0041f286 f   MSVCRT:MSVCR71.dll
 0002:0000e28c       __purecall                 0041f28c f   MSVCRT:MSVCR71.dll
 0002:0000e292       __errno                    0041f292 f   MSVCRT:MSVCR71.dll
 0002:0000e298       __copysign                 0041f298 f   MSVCRT:MSVCR71.dll
 0002:0000e309       _WinMainCRTStartup         0041f309 f   MSVCRT:crtexew.obj
 0002:0000e587       __RTC_NumErrors            0041f587 f   MSVCRT:userapi.obj
 0002:0000e58b       __RTC_GetErrDesc           0041f58b f   MSVCRT:userapi.obj
 0002:0000e5a9       __RTC_SetErrorType         0041f5a9 f   MSVCRT:userapi.obj
 0002:0000e5d2       __RTC_SetErrorFunc         0041f5d2 f   MSVCRT:userapi.obj
 0002:0000e5e6       ?_RTC_GetErrorFunc@@YAP6AHHPBDH00ZZPBX@Z 0041f5e6 f   MSVCRT:userapi.obj
 0002:0000e5ec       __CRT_RTC_INIT             0041f5ec f   MSVCRT:MSVCR71.dll
 0002:0000e946       ?_RTC_Failure@@YAXPAXH@Z   0041f946 f   MSVCRT:error.obj
 0002:0000e993       ?_RTC_MemFailure@@YAXPAXHPBX@Z 0041f993 f   MSVCRT:error.obj
 0002:0000eb8c       ?_RTC_StackFailure@@YAXPAXPBD@Z 0041fb8c f   MSVCRT:error.obj
 0002:0000ec3b       __RTC_UninitUse            0041fc3b f   MSVCRT:error.obj
 0002:0000ed20       ?__ArrayUnwind@@YGXPAXIHP6EX0@Z@Z 0041fd20 f   MSVCRT:ehvecdtr.obj
 0002:0000ed95       ??_M@YGXPAXIHP6EX0@Z@Z     0041fd95 f   MSVCRT:ehvecdtr.obj
 0002:0000ee0e       ??1type_info@@UAE@XZ       0041fe0e f   MSVCRT:MSVCR71.dll
 0002:0000ee14       ___dllonexit               0041fe14 f   MSVCRT:MSVCR71.dll
 0002:0000ee1a       __c_exit                   0041fe1a f   MSVCRT:MSVCR71.dll
 0002:0000ee20       __exit                     0041fe20 f   MSVCRT:MSVCR71.dll
 0002:0000ee26       __XcptFilter               0041fe26 f   MSVCRT:MSVCR71.dll
 0002:0000ee2c       __ismbblead                0041fe2c f   MSVCRT:MSVCR71.dll
 0002:0000ee32       __cexit                    0041fe32 f   MSVCRT:MSVCR71.dll
 0002:0000ee38       __amsg_exit                0041fe38 f   MSVCRT:MSVCR71.dll
 0002:0000ee3e       ___getmainargs             0041fe3e f   MSVCRT:MSVCR71.dll
 0002:0000ee44       __RTC_Initialize           0041fe44 f   MSVCRT:initsect.obj
 0002:0000ee99       __RTC_Terminate            0041fe99 f   MSVCRT:initsect.obj
 0002:0000eeee       __initterm                 0041feee f   MSVCRT:MSVCR71.dll
 0002:0000eef4       __setdefaultprecision      0041fef4 f   MSVCRT:fp8.obj
 0002:0000ef0a       ___setusermatherr          0041ff0a f   MSVCRT:MSVCR71.dll
 0002:0000ef10       __matherr                  0041ff10 f   MSVCRT:merr.obj
 0002:0000ef13       __setargv                  0041ff13 f   MSVCRT:dllargv.obj
 0002:0000ef16       ___p__commode              0041ff16 f   MSVCRT:MSVCR71.dll
 0002:0000ef1c       ___p__fmode                0041ff1c f   MSVCRT:MSVCR71.dll
 0002:0000ef22       ___set_app_type            0041ff22 f   MSVCRT:MSVCR71.dll
 0002:0000ef28       __SEH_prolog               0041ff28 f   MSVCRT:sehprolg.obj
 0002:0000ef63       __SEH_epilog               0041ff63 f   MSVCRT:sehprolg.obj
 0002:0000ef88       __except_handler3          0041ff88 f   MSVCRT:MSVCR71.dll
 0002:0000ef90       __alloca_probe             0041ff90     MSVCRT:chkstk.obj
 0002:0000ef90       __chkstk                   0041ff90 f   MSVCRT:chkstk.obj
 0002:0000f587       ?_RTC_GetSrcLine@@YAHKPADHPAHPAPAD@Z 00420587 f   MSVCRT:pdblkup.obj
 0002:0000f9aa       ?terminate@@YAXXZ          004209aa f   MSVCRT:MSVCR71.dll
 0002:0000f9b0       __controlfp                004209b0 f   MSVCRT:MSVCR71.dll
 0002:0000f9b6       ??1?$basic_string@DU?$char_traits@D@std@@V?$allocator@D@2@@std@@QAE@XZ 004209b6 f   msvcprtd:MSVCP71D.dll
 0002:0000f9bc       ??0?$basic_string@DU?$char_traits@D@std@@V?$allocator@D@2@@std@@QAE@PBD@Z 004209bc f   msvcprtd:MSVCP71D.dll
 0002:0000f9c2       ??0?$basic_string@DU?$char_traits@D@std@@V?$allocator@D@2@@std@@QAE@ABV01@@Z 004209c2 f   msvcprtd:MSVCP71D.dll
 0002:0000f9c8       ?c_str@?$basic_string@DU?$char_traits@D@std@@V?$allocator@D@2@@std@@QBEPBDXZ 004209c8 f   msvcprtd:MSVCP71D.dll
 0002:0000f9ce       _GetModuleHandleA@4        004209ce f   kernel32:KERNEL32.dll
 0002:0000f9d4       _GetStartupInfoA@4         004209d4 f   kernel32:KERNEL32.dll
 0002:0000f9da       _RaiseException@16         004209da f   kernel32:KERNEL32.dll
 0002:0000f9e0       _GetVersionExA@4           004209e0 f   kernel32:KERNEL32.dll
 0002:0000f9e6       _GetProcAddress@8          004209e6 f   kernel32:KERNEL32.dll
 0002:0000f9ec       _LoadLibraryA@4            004209ec f   kernel32:KERNEL32.dll
 0002:0000f9f2       _DebugBreak@0              004209f2 f   kernel32:KERNEL32.dll
 0002:0000f9f8       _GetModuleFileNameA@12     004209f8 f   kernel32:KERNEL32.dll
 0002:0000f9fe       _CloseHandle@4             004209fe f   kernel32:KERNEL32.dll
 0002:0000fa04       _HeapAlloc@12              00420a04 f   kernel32:KERNEL32.dll
 0002:0000fa0a       _GetCurrentProcess@0       00420a0a f   kernel32:KERNEL32.dll
 0002:0000fa10       _HeapFree@12               00420a10 f   kernel32:KERNEL32.dll
 0002:0000fa16       _GetProcessHeap@0          00420a16 f   kernel32:KERNEL32.dll
 0002:0000fa1c       _FreeLibrary@4             00420a1c f   kernel32:KERNEL32.dll
 0003:0000001c       ??_C@_08NKCLJDKG@Reserved?$AA@ 0042501c     coff.obj
 0003:00000028       ??_C@_0BE@LGIKPNJB@COM?$CL?5Runtime?5Header?$AA@ 00425028     coff.obj
 0003:00000040       ??_C@_0BI@JHLCBBKJ@Delay?5Import?5Descriptor?$AA@ 00425040     coff.obj
 0003:0000005c       ??_C@_03JHCIEIPD@IAT?$AA@  0042505c     coff.obj
 0003:00000060       ??_C@_0N@CMHGDNBA@Bound?5Import?$AA@ 00425060     coff.obj
 0003:00000070       ??_C@_0BC@IDFEPPKL@Load?5Config?5Table?$AA@ 00425070     coff.obj
 0003:00000088       ??_C@_09HLBNAKCD@TLS?5Table?$AA@ 00425088     coff.obj
 0003:00000094       ??_C@_0L@KHAODMBM@Global?5Ptr?$AA@ 00425094     coff.obj
 0003:000000a4       ??_C@_0N@MDJPNJNL@Architecture?$AA@ 004250a4     coff.obj
 0003:000000b4       ??_C@_05GCIPIGEI@Debug?$AA@ 004250b4     coff.obj
 0003:000000bc       ??_C@_0BG@DGEFMGMC@Base?5Relocation?5Table?$AA@ 004250bc     coff.obj
 0003:000000d8       ??_C@_0BC@FEOLDACL@Certificate?5Table?$AA@ 004250d8     coff.obj
 0003:000000f0       ??_C@_0BA@FILGIGLP@Exception?5Table?$AA@ 004250f0     coff.obj
 0003:00000104       ??_C@_0P@OPABKMMI@Resource?5Table?$AA@ 00425104     coff.obj
 0003:00000118       ??_C@_0N@GAHHIJEB@Import?5Table?$AA@ 00425118     coff.obj
 0003:00000128       ??_C@_0N@GOHGKKFG@Export?5Table?$AA@ 00425128     coff.obj
 0003:00000138       ??_C@_0BF@MBJPNFKH@PE32?$CL?5not?5supported?6?$AA@ 00425138     coff.obj
 0003:00000154       ??_C@_04KNAEGPCG@PE?$AA?$AA?$AA@ 00425154     coff.obj
 0003:0000015c       ??_C@_02DIKIINKA@MZ?$AA@   0042515c     coff.obj
 0003:00000160       ??_C@_0CN@JDJHDGLA@Could?5not?5allocate?5memory?5for?5sy@ 00425160     coff.obj
 0003:00000198       ??_C@_0CM@HPHKFJKO@Could?5not?5allocate?5memory?5for?5st@ 00425198     coff.obj
 0003:000001cc       ??_C@_0CL@DAKFEDIA@Load?5code?5Sections?5?$CFs?5Memory?5?$CFp?0@ 004251cc     coff.obj
 0003:00000200       ??_C@_0BN@MHADOCCH@RVA2Section?5lookup?5failure?$CB?6?$AA@ 00425200     coff.obj
 0003:00000224       ??_C@_0CK@EIGFMDJP@Warning?$CB?5Address?5outside?5of?5Sect@ 00425224     coff.obj
 0003:00000258       ??_C@_0CJ@IOMDKKJA@Failed?5to?5load?1find?5COFF?5hModule@ 00425258     coff.obj
 0003:0000028c       ??_C@_0BK@JFPOCFHK@Unsupported?5fixup?5type?$CB?$CB?6?$AA@ 0042528c     coff.obj
 0003:000002ac       ??_C@_04MDKIEGGJ@?5?$CFs?6?$AA@ 004252ac     dll.obj
 0003:000002b4       ??_C@_05OIIBGAML@?5?$CF08X?$AA@ 004252b4     dll.obj
 0003:000002bc       ??_C@_06PEGGLGLJ@?5?5?5?5?$CFd?$AA@ 004252bc     dll.obj
 0003:000002c4       ??_C@_0N@HPHHNDLK@?5?5?5?5?5?5?5?5?5?5?$CFd?$AA@ 004252c4     dll.obj
 0003:000002d4       ??_C@_0CA@DIFHDHOC@?5?5?5?5ordinal?5hint?5RVA?5?5?5?5?5?5name?6?$AA@ 004252d4     dll.obj
 0003:000002fc       ??_C@_0BB@MHPJPKOF@Public?5Exports?3?6?$AA@ 004252fc     dll.obj
 0003:00000310       ??_C@_0BP@JOGMHFOH@OrdinalTable_RVA?5?5?5?5?5?5?5?5?$CF04X?6?6?$AA@ 00425310     dll.obj
 0003:00000338       ??_C@_0BO@KOKCEJKN@NamePointerTable_RVA?5?5?5?5?$CF04X?6?$AA@ 00425338     dll.obj
 0003:0000035c       ??_C@_0BO@PLINKCAB@ExportAddressTable_RVA?5?5?$CF04X?6?$AA@ 0042535c     dll.obj
 0003:00000380       ??_C@_0BE@HGHHIMJJ@NumNamePtrs?5?5?5?5?5?$CFd?6?$AA@ 00425380     dll.obj
 0003:00000398       ??_C@_0BE@HPFELAF@NumAddrTable?5?5?5?5?$CFd?6?$AA@ 00425398     dll.obj
 0003:000003b0       ??_C@_0BE@GBILPMEE@OrdinalBase?5?5?5?5?5?$CFd?6?$AA@ 004253b0     dll.obj
 0003:000003c8       ??_C@_0BG@PDDDEBIJ@Name?5RVA?3?5?5?5?5?5?5?5?$CF04X?6?$AA@ 004253c8     dll.obj
 0003:000003e4       ??_C@_0BG@MHBNIHFE@Minor?5Ver?3?5?5?5?5?5?5?$CF02X?6?$AA@ 004253e4     dll.obj
 0003:00000400       ??_C@_0BG@KMACGFHL@Major?5Ver?3?5?5?5?5?5?5?$CF02X?6?$AA@ 00425400     dll.obj
 0003:0000041c       ??_C@_0BG@JOFLOGJM@TimeStamp?3?5?5?5?5?5?5?$CF04X?6?$AA@ 0042541c     dll.obj
 0003:00000438       ??_C@_0BG@IMLGCHAE@ExportFlags?3?5?5?5?5?$CF04X?6?$AA@ 00425438     dll.obj
 0003:00000454       ??_C@_0BG@DBIPOCJE@Export?5Table?5for?5?$CFs?3?6?$AA@ 00425454     dll.obj
 0003:00000470       ??_C@_04LIAPHEDB@free?$AA@ 00425470     dll.obj
 0003:00000478       ??_C@_07EOOHGPEI@realloc?$AA@ 00425478     dll.obj
 0003:00000484       ??_C@_06DLAMMMII@calloc?$AA@ 00425484     dll.obj
 0003:0000048c       ??_C@_06GLDDLHNF@malloc?$AA@ 0042548c     dll.obj
 0003:00000494       ??_C@_08DCFPBGCG@XBOX_DX8?$AA@ 00425494     dll.obj
 0003:000004a0       ??_C@_08BJLGCDKH@xbox_dx8?$AA@ 004254a0     dll.obj
 0003:000004ac       ??_C@_07CJBFCALL@msvcr71?$AA@ 004254ac     dll.obj
 0003:000004b8       ??_C@_07HJIBPOHN@MSVCR71?$AA@ 004254b8     dll.obj
 0003:000004c4       ??_C@_06EGGDDPIF@msvcrt?$AA@ 004254c4     dll.obj
 0003:000004cc       ??_C@_06ECEIOBFH@MSVCRT?$AA@ 004254cc     dll.obj
 0003:000004d4       ??_C@_05CMPIHBBG@ole32?$AA@ 004254d4     dll.obj
 0003:000004dc       ??_C@_06KMMDPPA@user32?$AA@ 004254dc     dll.obj
 0003:000004e4       ??_C@_06KDCOIDGA@USER32?$AA@ 004254e4     dll.obj
 0003:000004ec       ??_C@_08PNLNEKOB@kernel32?$AA@ 004254ec     dll.obj
 0003:000004f8       ??_C@_08CPNIBGIE@KERNEL32?$AA@ 004254f8     dll.obj
 0003:00000504       ??_C@_0BJ@BIEEECAF@unable?5to?5resolve?5?$CFs?5?$CFs?6?$AA@ 00425504     dll.obj
 0003:00000524       ??_C@_0CB@NLOAOMNL@unable?5to?5resolve?5ordinal?5?$CFs?5?$CFd?6@ 00425524     dll.obj
 0003:0000054c       ??_C@_05GCIAPODO@?4text?$AA@ 0042554c     dll.obj
 0003:00000554       ??_C@_0BM@ENCKDFGP@?$CFs?3?5Total?5bytes?5leaked?3?5?$CFd?6?$AA@ 00425554     dll.obj
 0003:00000578       ??_C@_0CF@LIDHONAH@?$CFs?3?5Detected?5memory?5leaks?3?5?$CFd?5le@ 00425578     dll.obj
 0003:000005a4       ??_C@_02JDPG@rb?$AA@       004255a4     dll.obj
 0003:000005a8       ??_7Exp2Dll@@6B@           004255a8     dll.obj
 0003:000005ac       ??_C@_07JLKLLPCJ@DllMain?$AA@ 004255ac     dll.obj
 0003:000005b8       ??_C@_0M@NLJBABMP@WMSDMOD?4DLL?$AA@ 004255b8     dll.obj
 0003:000005c8       ??_C@_0M@LEAMEHBD@wmsdmod?4dll?$AA@ 004255c8     dll.obj
 0003:000005d8       ??_C@_0M@DNLIMKIL@WMVDMOD?4DLL?$AA@ 004255d8     dll.obj
 0003:000005e8       ??_C@_0M@FCCFIMFH@wmvdmod?4dll?$AA@ 004255e8     dll.obj
 0003:000005f8       ??_C@_0M@PIMKFABK@WMADMOD?4DLL?$AA@ 004255f8     dll.obj
 0003:00000608       ??_C@_0M@JHFHBGMG@wmadmod?4dll?$AA@ 00425608     dll.obj
 0003:00000618       ??_C@_0DN@OEBELGCJ@Failed?5to?5open?5?$CFs?2?$CFs?0?5check?5code@ 00425618     dll.obj
 0003:00000664       ??_C@_05BMGBEOOC@?$CFs?2?$CFs?$AA@ 00425664     dll.obj
 0003:0000066c       ??_C@_0BC@PHJEMOKO@Q?3?2mplayer?2codecs?$AA@ 0042566c     dll.obj
 0003:00000684       ??_C@_0N@NHGLKGEC@KERNEL32?4DLL?$AA@ 00425684     dll.obj
 0003:00000694       ??_C@_0N@MDJJJHMB@kernel32?4dll?$AA@ 00425694     dll.obj
 0003:000006a4       ??_C@_0DJ@EIJGILHM@unresolved?5function?5called?5from?5@ 004256a4     dll.obj
 0003:000006e8       ??_C@_0EC@GOABJNPD@kernel32?3unresolved?5function?5cal@ 004256e8     dll.obj
 0003:00000738       ??_C@_0EA@MKFFMDLA@user32?3unresolved?5function?5calle@ 00425738     dll.obj
 0003:00000784       ??_C@_0DP@IDKILLJL@ole32?3unresolved?5function?5called@ 00425784     dll.obj
 0003:000007d0       ??_C@_0EF@NGCCJFJP@msvcr71?4dll?3unresolved?5function?5@ 004257d0     dll.obj
 0003:00000828       ??_C@_0EG@DJOFCCPG@xbox_dx8?4dll?3unresolved?5function@ 00425828     dll.obj
 0003:0000087c       ??_C@_0BM@PAPJHAGI@invalid?5map?1set?$DMT?$DO?5iterator?$AA@ 0042587c     dll.obj
 0003:000008a0       ??_7out_of_range@std@@6B@  004258a0     dll.obj
 0003:000008ac       ??_7logic_error@std@@6B@   004258ac     dll.obj
 0003:000008b8       ??_C@_0BE@JONHPENG@map?1set?$DMT?$DO?5too?5long?$AA@ 004258b8     dll.obj
 0003:000008d0       ??_7length_error@std@@6B@  004258d0     dll.obj
 0003:000008dc       ??_C@_0BB@MOGOBHAF@list?$DMT?$DO?5too?5long?$AA@ 004258dc     dll.obj
 0003:000008f0       ??_C@_02DKCKIIND@?$CFs?$AA@ 004258f0     Main.obj
 0003:000008f4       ??_C@_0BA@FJHDBPEI@wave?5in?5closed?6?$AA@ 004258f4     Main.obj
 0003:00000908       ??_C@_0BA@JHEJIMOI@wave?5in?5opened?6?$AA@ 00425908     Main.obj
 0003:0000091c       ??_C@_0BI@CBMAHKPD@couldn?8t?5create?5device?6?$AA@ 0042591c     Main.obj
 0003:00000938       ??_C@_06KFAEAOHK@Tripex?$AA@ 00425938     Main.obj
 0003:00000940       ??_C@_0P@OGGDNMOB@TripexWndClass?$AA@ 00425940     Main.obj
 0003:00000954       ??_C@_0BP@HLGODCOG@get_module?$CI?5?$CJ?5not?5found?5in?5?$CFs?6?$AA@ 00425954     Main.obj
 0003:0000097c       ??_C@_0L@IBMHMNAA@get_module?$AA@ 0042597c     Main.obj
 0003:0000098c       ??_C@_0DC@GOEEOOJB@Couldn?8t?5load?5dll?5specified?5on?5c@ 0042598c     Main.obj
 0003:000009c8       ??_C@_0CN@PBDMJAJI@?$CK?$CK?$CK?$CK?$CK?$CK?$CK?$CK?$CK?$CK?$CK?$CK?$CK?$CK?$CK?$CK?$CK?$CK?$CK?$CK?5XBOX?5?$CK?$CK?$CK?$CK?$CK?$CK@ 004259c8     Main.obj
 0003:00000a00       ??_C@_0BD@LOMIOKNH@Couldn?8t?5load?5dll?6?$AA@ 00425a00     Main.obj
 0003:00000a18       ??_C@_01NOFIACDB@w?$AA@    00425a18     Main.obj
 0003:00000a1c       ??_C@_0BI@BDBECOFE@Couldn?8t?5create?5console?$AA@ 00425a1c     Main.obj
 0003:00000a38       ??_C@_0CG@DADHKCIM@_D3DXCreateTextureFromFileInMemo@ 00425a38     XboxExports.obj
 0003:00000a68       ??_C@_0N@KACGHEHG@xbox?9dx8?4dll?$AA@ 00425a68     XboxExports.obj
 0003:00000a78       ??_C@_0BG@OFEFPADF@_D3DXCreateTexture?$EA32?$AA@ 00425a78     XboxExports.obj
 0003:00000a94       ??_C@_09CBHKFKGB@winmm?4dll?$AA@ 00425a94     XboxExports.obj
 0003:00000aa0       ??_C@_0M@DEPJBPP@timeGetTime?$AA@ 00425aa0     XboxExports.obj
 0003:00000ab0       ??_C@_07EDFCNFDJ@strncpy?$AA@ 00425ab0     XboxExports.obj
 0003:00000abc       ??_C@_04MKNBDEPB@exit?$AA@ 00425abc     XboxExports.obj
 0003:00000ac4       ??_C@_05IANLEKHD@srand?$AA@ 00425ac4     XboxExports.obj
 0003:00000acc       ??_C@_07DNAEFDKF@sprintf?$AA@ 00425acc     XboxExports.obj
 0003:00000ad8       ??_C@_04HKINGDKC@rand?$AA@ 00425ad8     XboxExports.obj
 0003:00000ae0       ??_C@_04MLAEFCDK@puts?$AA@ 00425ae0     XboxExports.obj
 0003:00000ae8       ??_C@_06OHJFMFMB@printf?$AA@ 00425ae8     XboxExports.obj
 0003:00000af0       ??_C@_07CNBMLEON@isspace?$AA@ 00425af0     XboxExports.obj
 0003:00000afc       ??_C@_07CFBKIKCH@isdigit?$AA@ 00425afc     XboxExports.obj
 0003:00000b08       ??_C@_07EOADCIGC@isalnum?$AA@ 00425b08     XboxExports.obj
 0003:00000b14       ??_C@_04IOGGDNCH@atoi?$AA@ 00425b14     XboxExports.obj
 0003:00000b1c       ??_C@_06CMONBEBE@atexit?$AA@ 00425b1c     XboxExports.obj
 0003:00000b24       ??_C@_05BBAEEBBH@abort?$AA@ 00425b24     XboxExports.obj
 0003:00000b2c       ??_C@_0L@NCADKPH@_vsnprintf?$AA@ 00425b2c     XboxExports.obj
 0003:00000b3c       ??_C@_08BKIOMHCD@_stricmp?$AA@ 00425b3c     XboxExports.obj
 0003:00000b48       ??_C@_09LGDKMCJC@_purecall?$AA@ 00425b48     XboxExports.obj
 0003:00000b54       ??_C@_06NDPGNMM@_errno?$AA@ 00425b54     XboxExports.obj
 0003:00000b5c       ??_C@_09LGLAHAAC@_copysign?$AA@ 00425b5c     XboxExports.obj
 0003:00000b68       ??_C@_06KCIFIIHN@?$CFs?3?$CFs?6?$AA@ 00425b68     XboxExports.obj
 0003:00000b70       ??_C@_0M@MFAJBGNN@msvcr71?4dll?$AA@ 00425b70     XboxExports.obj
 0003:00000b80       ??_C@_06CDOLDIJF@_CIpow?$AA@ 00425b80     XboxExports.obj
 0003:00000b8c       ??_7type_info@@6B@         00425b8c     MSVCRT:ti_inst.obj
 0003:00000ba8       ??_C@_0CK@CNLNOEPB@Local?5variable?5used?5before?5initi@ 00425ba8     MSVCRT:userapi.obj
 0003:00000bdc       ??_C@_0BI@CIGMDCBH@Stack?5memory?5corruption?$AA@ 00425bdc     MSVCRT:userapi.obj
 0003:00000bf8       ??_C@_0CK@FEGOIOPB@Cast?5to?5smaller?5type?5causing?5los@ 00425bf8     MSVCRT:userapi.obj
 0003:00000c2c       ??_C@_0BJ@HEGAHDFO@Stack?5pointer?5corruption?$AA@ 00425c2c     MSVCRT:userapi.obj
 0003:00000c64       ??_C@_0BO@GNIAFIKK@Unknown?5Runtime?5Check?5Error?6?$AN?$AA@ 00425c64     MSVCRT:error.obj
 0003:00000c88       ??_C@_0DG@HKJMLLLP@A?5local?5variable?5was?5used?5before@ 00425c88     MSVCRT:error.obj
 0003:00000cc8       ??_C@_0BN@FFOINMNJ@Stack?5memory?5was?5corrupted?6?$AN?$AA@ 00425cc8     MSVCRT:error.obj
 0003:00000cf0       ??_C@_0BBN@GPMLNJCF@A?5cast?5to?5a?5smaller?5data?5type?5ha@ 00425cf0     MSVCRT:error.obj
 0003:00000e48       ??_C@_0NN@NGPKDKPD@The?5value?5of?5ESP?5was?5not?5properl@ 00425e48     MSVCRT:error.obj
 0003:00000f78       ??_C@_0BC@KNBMEBEO@IsDebuggerPresent?$AA@ 00425f78     MSVCRT:error.obj
 0003:00000f90       ??_C@_0N@HAOHNMDE@Kernel32?4dll?$AA@ 00425f90     MSVCRT:error.obj
 0003:00000fa0       ??_C@_0CA@IODNCDPG@Run?9Time?5Check?5Failure?5?$CD?$CFd?5?9?5?$CFs?$AA@ 00425fa0     MSVCRT:error.obj
 0003:00000fc8       ??_C@_0L@CJCNHJJG@?6?$ANModule?3?7?$AA@ 00425fc8     MSVCRT:error.obj
 0003:00000fd8       ??_C@_08GJEJCAJD@?6?$ANLine?3?7?$AA@ 00425fd8     MSVCRT:error.obj
 0003:00000fe4       ??_C@_0CI@INCLAPNB@Invalid?5pointer?5was?5assigned?5at?6@ 00425fe4     MSVCRT:error.obj
 0003:00001014       ??_C@_0BB@JEGFEAAM@?8?5was?5corrupted?4?$AA@ 00426014     MSVCRT:error.obj
 0003:00001028       ??_C@_0BM@FGFAMDLF@Stack?5around?5the?5variable?5?8?$AA@ 00426028     MSVCRT:error.obj
 0003:0000104c       ??_C@_0DA@BEGFPCGG@A?5variable?5is?5being?5used?5without@ 0042604c     MSVCRT:error.obj
 0003:00001088       ??_C@_0CH@LOIIHGKM@?8?5is?5being?5used?5without?5being?5de@ 00426088     MSVCRT:error.obj
 0003:000010b8       ??_C@_0P@HLKMHJCG@The?5variable?5?8?$AA@ 004260b8     MSVCRT:error.obj
 0003:00001110       ??_C@_0M@HHEBEAAO@MSPDB71?4DLL?$AA@ 00426110     MSVCRT:pdblkup.obj
 0003:00001120       ??_C@_0N@KIGOLBLC@Module32Next?$AA@ 00426120     MSVCRT:pdblkup.obj
 0003:00001130       ??_C@_0O@CNMFJJGO@Module32First?$AA@ 00426130     MSVCRT:pdblkup.obj
 0003:00001140       ??_C@_0BF@OCLFCNKN@GetModuleInformation?$AA@ 00426140     MSVCRT:pdblkup.obj
 0003:0000115c       ??_C@_0BD@FIEJBLME@EnumProcessModules?$AA@ 0042615c     MSVCRT:pdblkup.obj
 0003:00001174       ??_C@_09EPMADGLA@PSAPI?4DLL?$AA@ 00426174     MSVCRT:pdblkup.obj
 0003:00001180       ??_C@_0BJ@JEFKDHMD@CreateToolhelp32Snapshot?$AA@ 00426180     MSVCRT:pdblkup.obj
 0003:000011a0       ??_C@_0O@CHDGJGFP@ImageNtHeader?$AA@ 004261a0     MSVCRT:pdblkup.obj
 0003:000011b0       ??_C@_0N@KBGMOMJO@IMAGEHLP?4DLL?$AA@ 004261b0     MSVCRT:pdblkup.obj
 0003:000011c0       ??_C@_0BF@BMIHBHCA@EnvironmentDirectory?$AA@ 004261c0     MSVCRT:pdblkup.obj
 0003:000011dc       ??_C@_0CN@KGLAKABH@SOFTWARE?2Microsoft?2VisualStudio?2@ 004261dc     MSVCRT:pdblkup.obj
 0003:00001214       ??_C@_0M@HLOHPNFA@RegCloseKey?$AA@ 00426214     MSVCRT:pdblkup.obj
 0003:00001224       ??_C@_0BB@HHEIPGME@RegQueryValueExA?$AA@ 00426224     MSVCRT:pdblkup.obj
 0003:00001238       ??_C@_0O@DCOGKJGG@RegOpenKeyExA?$AA@ 00426238     MSVCRT:pdblkup.obj
 0003:00001248       ??_C@_0N@JJPEKNFO@ADVAPI32?4DLL?$AA@ 00426248     MSVCRT:pdblkup.obj
 0003:00001258       ??_C@_01KDCPPGHE@r?$AA@    00426258     MSVCRT:pdblkup.obj
 0003:0000125a       ??_C@_00CNPNBAHC@?$AA@     0042625a     MSVCRT:pdblkup.obj
 0003:0000125c       ??_C@_08ONJBEOFA@PDBClose?$AA@ 0042625c     MSVCRT:pdblkup.obj
 0003:00001268       ??_C@_08NINFAAFA@DBIClose?$AA@ 00426268     MSVCRT:pdblkup.obj
 0003:00001274       ??_C@_08LIGPJJNA@ModClose?$AA@ 00426274     MSVCRT:pdblkup.obj
 0003:00001280       ??_C@_0O@IPLOKOKN@ModQueryLines?$AA@ 00426280     MSVCRT:pdblkup.obj
 0003:00001290       ??_C@_0BE@GDNPNLGH@DBIQueryModFromAddr?$AA@ 00426290     MSVCRT:pdblkup.obj
 0003:000012a8       ??_C@_0L@KPMOCKEL@PDBOpenDBI?$AA@ 004262a8     MSVCRT:pdblkup.obj
 0003:000012b8       ??_C@_0BB@PENKIMFE@PDBOpenValidate3?$AA@ 004262b8     MSVCRT:pdblkup.obj
 0003:000015b0       ??_R1A@?0A@A@type_info@@8  004265b0     MSVCRT:ti_inst.obj
 0003:000015cc       ??_R2type_info@@8          004265cc     MSVCRT:ti_inst.obj
 0003:000015d4       ??_R3type_info@@8          004265d4     MSVCRT:ti_inst.obj
 0003:000015e8       ??_R4type_info@@6B@        004265e8     MSVCRT:ti_inst.obj
 0003:00001704       ___rtc_iaa                 00426704     MSVCRT:initsect.obj
 0003:0000191c       ___rtc_izz                 0042691c     MSVCRT:initsect.obj
 0003:00001a20       ___rtc_taa                 00426a20     MSVCRT:initsect.obj
 0003:00001c38       ___rtc_tzz                 00426c38     MSVCRT:initsect.obj
 0003:00001dc4       __CT??_R0?AVexception@@@8??0exception@@QAE@ABV0@@Z12 00426dc4     dll.obj
 0003:00001de4       __CT??_R0?AVlogic_error@std@@@8??0logic_error@std@@QAE@ABV01@@Z40 00426de4     dll.obj
 0003:00001e04       __CT??_R0?AVout_of_range@std@@@8??0out_of_range@std@@QAE@ABV01@@Z40 00426e04     dll.obj
 0003:00001e24       __CTA3?AVout_of_range@std@@ 00426e24     dll.obj
 0003:00001e38       __TI3?AVout_of_range@std@@ 00426e38     dll.obj
 0003:00001ec4       __CT??_R0?AVlength_error@std@@@8??0length_error@std@@QAE@ABV01@@Z40 00426ec4     dll.obj
 0003:00001ee4       __CTA3?AVlength_error@std@@ 00426ee4     dll.obj
 0003:00001ef8       __TI3?AVlength_error@std@@ 00426ef8     dll.obj
 0004:00000000       ___xc_a                    00428000     MSVCRT:cinitexe.obj
 0004:00000208       ___xc_z                    00428208     MSVCRT:cinitexe.obj
 0004:0000030c       ___xi_a                    0042830c     MSVCRT:cinitexe.obj
 0004:00000410       ___xi_z                    00428410     MSVCRT:cinitexe.obj
 0004:00000520       ?DATA_DIR_NAME@@3PAPBDA    00428520     coff.obj
 0004:0000056c       ??_R0?AVexception@@@8      0042856c     dll.obj
 0004:00000588       ??_R0?AVlogic_error@std@@@8 00428588     dll.obj
 0004:000005ac       ??_R0?AVout_of_range@std@@@8 004285ac     dll.obj
 0004:000005d4       ??_R0?AVlength_error@std@@@8 004285d4     dll.obj
 0004:00000600       ??_R0?AVtype_info@@@8      00428600     MSVCRT:ti_inst.obj
 0004:00000630       ?_RTC_ErrorLevels@@3PAHA   00428630     MSVCRT:error.obj
 0004:0000065c       ___defaultmatherr          0042865c     MSVCRT:merr.obj
 0004:0000077c       ?wmsDMOdll@@3PAVDllLoader@@A 0042877c     dll.obj
 0004:00000780       ?wmvDMOdll@@3PAVDllLoader@@A 00428780     dll.obj
 0004:00000784       ?wmaDMOdll@@3PAVDllLoader@@A 00428784     dll.obj
 0004:00000788       ?Head@@3PAVExp2Dll@@A      00428788     dll.obj
 0004:000007a8       ?TrackedDlls@@3V?$list@UDllTrackInfo@@V?$allocator@UDllTrackInfo@@@std@@@std@@A 004287a8     dll.obj
 0004:000007c0       ?g_wfex@@3UtWAVEFORMATEX@@A 004287c0     Main.obj
 0004:000007d8       ?g_aWaveHdr@@3PAUwavehdr_tag@@A 004287d8     Main.obj
 0004:00000818       ?g_vis@@3UVISUALISATION@@A 00428818     Main.obj
 0004:00000830       ?g_pd3d@@3PAUIDirect3D8@@A 00428830     Main.obj
 0004:00000834       ?g_pd3dDevice@@3PAUIDirect3DDevice8@@A 00428834     Main.obj
 0004:00000838       ?g_bStarted@@3HA           00428838     Main.obj
 0004:0000083c       ?g_hWaveIn@@3PAUHWAVEIN__@@A 0042883c     Main.obj
 0004:00000840       ?g_apnWaveBuf@@3PAPAEA     00428840     Main.obj
 0004:00000884       __dowildcard               00428884     MSVCRT:wildcard.obj
 0004:00000888       __newmode                  00428888     MSVCRT:_newmode.obj
 0004:0000088c       __commode                  0042888c     MSVCRT:xncommod.obj
 0004:00000890       __fmode                    00428890     MSVCRT:xtxtmode.obj
 0004:000008f4       __adjust_fdiv              004288f4     <common>
 0004:00000900       ___onexitend               00428900     <common>
 0004:00000910       ___onexitbegin             00428910     <common>
 0005:00000000       __IMPORT_DESCRIPTOR_WINMM  00429000     winmm:WINMM.dll
 0005:00000014       __IMPORT_DESCRIPTOR_xbox_dx8 00429014     xbox_dx8:xbox_dx8.dll
 0005:00000028       __IMPORT_DESCRIPTOR_KERNEL32 00429028     kernel32:KERNEL32.dll
 0005:0000003c       __IMPORT_DESCRIPTOR_USER32 0042903c     user32:USER32.dll
 0005:00000050       __IMPORT_DESCRIPTOR_MSVCR71 00429050     MSVCRT:MSVCR71.dll
 0005:00000064       __IMPORT_DESCRIPTOR_MSVCP71D 00429064     msvcprtd:MSVCP71D.dll
 0005:00000078       __NULL_IMPORT_DESCRIPTOR   00429078     winmm:WINMM.dll
 0005:000003bc       __imp__FreeLibrary@4       004293bc     kernel32:KERNEL32.dll
 0005:000003c0       __imp__GetProcessHeap@0    004293c0     kernel32:KERNEL32.dll
 0005:000003c4       __imp__HeapFree@12         004293c4     kernel32:KERNEL32.dll
 0005:000003c8       __imp__GetCurrentProcess@0 004293c8     kernel32:KERNEL32.dll
 0005:000003cc       __imp__HeapAlloc@12        004293cc     kernel32:KERNEL32.dll
 0005:000003d0       __imp__CloseHandle@4       004293d0     kernel32:KERNEL32.dll
 0005:000003d4       __imp__GetModuleFileNameA@12 004293d4     kernel32:KERNEL32.dll
 0005:000003d8       __imp__DebugBreak@0        004293d8     kernel32:KERNEL32.dll
 0005:000003dc       __imp__LoadLibraryA@4      004293dc     kernel32:KERNEL32.dll
 0005:000003e0       __imp__GetProcAddress@8    004293e0     kernel32:KERNEL32.dll
 0005:000003e4       __imp__GetVersionExA@4     004293e4     kernel32:KERNEL32.dll
 0005:000003e8       __imp__RaiseException@16   004293e8     kernel32:KERNEL32.dll
 0005:000003ec       __imp__GetStartupInfoA@4   004293ec     kernel32:KERNEL32.dll
 0005:000003f0       __imp__OutputDebugStringA@4 004293f0     kernel32:KERNEL32.dll
 0005:000003f4       __imp__Sleep@4             004293f4     kernel32:KERNEL32.dll
 0005:000003f8       __imp__GetStdHandle@4      004293f8     kernel32:KERNEL32.dll
 0005:000003fc       __imp__AllocConsole@0      004293fc     kernel32:KERNEL32.dll
 0005:00000400       __imp__GetModuleHandleA@4  00429400     kernel32:KERNEL32.dll
 0005:00000404       \177KERNEL32_NULL_THUNK_DATA 00429404     kernel32:KERNEL32.dll
 0005:0000043c       __imp_?c_str@?$basic_string@DU?$char_traits@D@std@@V?$allocator@D@2@@std@@QBEPBDXZ 0042943c     msvcprtd:MSVCP71D.dll
 0005:00000440       __imp_??0?$basic_string@DU?$char_traits@D@std@@V?$allocator@D@2@@std@@QAE@ABV01@@Z 00429440     msvcprtd:MSVCP71D.dll
 0005:00000444       __imp_??0?$basic_string@DU?$char_traits@D@std@@V?$allocator@D@2@@std@@QAE@PBD@Z 00429444     msvcprtd:MSVCP71D.dll
 0005:00000448       __imp_??1?$basic_string@DU?$char_traits@D@std@@V?$allocator@D@2@@std@@QAE@XZ 00429448     msvcprtd:MSVCP71D.dll
 0005:0000044c       \177MSVCP71D_NULL_THUNK_DATA 0042944c     msvcprtd:MSVCP71D.dll
 0005:00000478       __imp___controlfp          00429478     MSVCRT:MSVCR71.dll
 0005:0000047c       __imp_?terminate@@YAXXZ    0042947c     MSVCRT:MSVCR71.dll
 0005:00000480       __imp___except_handler3    00429480     MSVCRT:MSVCR71.dll
 0005:00000484       __imp____set_app_type      00429484     MSVCRT:MSVCR71.dll
 0005:00000488       __imp____p__fmode          00429488     MSVCRT:MSVCR71.dll
 0005:0000048c       __imp____p__commode        0042948c     MSVCRT:MSVCR71.dll
 0005:00000490       __imp___adjust_fdiv        00429490     MSVCRT:MSVCR71.dll
 0005:00000494       __imp____setusermatherr    00429494     MSVCRT:MSVCR71.dll
 0005:00000498       __imp_??3@YAXPAX@Z         00429498     MSVCRT:MSVCR71.dll
 0005:0000049c       __imp__printf              0042949c     MSVCRT:MSVCR71.dll
 0005:000004a0       __imp_??2@YAPAXI@Z         004294a0     MSVCRT:MSVCR71.dll
 0005:000004a4       __imp__fseek               004294a4     MSVCRT:MSVCR71.dll
 0005:000004a8       __imp__strncmp             004294a8     MSVCRT:MSVCR71.dll
 0005:000004ac       __imp__fread               004294ac     MSVCRT:MSVCR71.dll
 0005:000004b0       __imp__memset              004294b0     MSVCRT:MSVCR71.dll
 0005:000004b4       __imp__rewind              004294b4     MSVCRT:MSVCR71.dll
 0005:000004b8       __imp__ftell               004294b8     MSVCRT:MSVCR71.dll
 0005:000004bc       __imp__sprintf             004294bc     MSVCRT:MSVCR71.dll
 0005:000004c0       __imp__strlen              004294c0     MSVCRT:MSVCR71.dll
 0005:000004c4       __imp__strncpy             004294c4     MSVCRT:MSVCR71.dll
 0005:000004c8       __imp__malloc              004294c8     MSVCRT:MSVCR71.dll
 0005:000004cc       __imp__calloc              004294cc     MSVCRT:MSVCR71.dll
 0005:000004d0       __imp__realloc             004294d0     MSVCRT:MSVCR71.dll
 0005:000004d4       __imp__free                004294d4     MSVCRT:MSVCR71.dll
 0005:000004d8       __imp__strcmp              004294d8     MSVCRT:MSVCR71.dll
 0005:000004dc       __imp__strstr              004294dc     MSVCRT:MSVCR71.dll
 0005:000004e0       __imp__memcmp              004294e0     MSVCRT:MSVCR71.dll
 0005:000004e4       __imp__strrchr             004294e4     MSVCRT:MSVCR71.dll
 0005:000004e8       __imp____CxxFrameHandler   004294e8     MSVCRT:MSVCR71.dll
 0005:000004ec       __imp__strcpy              004294ec     MSVCRT:MSVCR71.dll
 0005:000004f0       __imp_??_U@YAPAXI@Z        004294f0     MSVCRT:MSVCR71.dll
 0005:000004f4       __imp_??_V@YAXPAX@Z        004294f4     MSVCRT:MSVCR71.dll
 0005:000004f8       __imp__fclose              004294f8     MSVCRT:MSVCR71.dll
 0005:000004fc       __imp__fopen               004294fc     MSVCRT:MSVCR71.dll
 0005:00000500       __imp_??0exception@@QAE@ABV0@@Z 00429500     MSVCRT:MSVCR71.dll
 0005:00000504       __imp___CxxThrowException@8 00429504     MSVCRT:MSVCR71.dll
 0005:00000508       __imp_??1exception@@UAE@XZ 00429508     MSVCRT:MSVCR71.dll
 0005:0000050c       __imp_??0exception@@QAE@XZ 0042950c     MSVCRT:MSVCR71.dll
 0005:00000510       __imp___getch              00429510     MSVCRT:MSVCR71.dll
 0005:00000514       __imp__setvbuf             00429514     MSVCRT:MSVCR71.dll
 0005:00000518       __imp___iob                00429518     MSVCRT:MSVCR71.dll
 0005:0000051c       __imp___fdopen             0042951c     MSVCRT:MSVCR71.dll
 0005:00000520       __imp___open_osfhandle     00429520     MSVCRT:MSVCR71.dll
 0005:00000524       __imp__pow                 00429524     MSVCRT:MSVCR71.dll
 0005:00000528       __imp__exit                00429528     MSVCRT:MSVCR71.dll
 0005:0000052c       __imp__srand               0042952c     MSVCRT:MSVCR71.dll
 0005:00000530       __imp__rand                00429530     MSVCRT:MSVCR71.dll
 0005:00000534       __imp__puts                00429534     MSVCRT:MSVCR71.dll
 0005:00000538       __imp__isspace             00429538     MSVCRT:MSVCR71.dll
 0005:0000053c       __imp__isdigit             0042953c     MSVCRT:MSVCR71.dll
 0005:00000540       __imp__isalnum             00429540     MSVCRT:MSVCR71.dll
 0005:00000544       __imp__atoi                00429544     MSVCRT:MSVCR71.dll
 0005:00000548       __imp__abort               00429548     MSVCRT:MSVCR71.dll
 0005:0000054c       __imp___vsnprintf          0042954c     MSVCRT:MSVCR71.dll
 0005:00000550       __imp___stricmp            00429550     MSVCRT:MSVCR71.dll
 0005:00000550       __imp__stricmp             00429550     MSVCRT:MSVCR71.dll
 0005:00000554       __imp___purecall           00429554     MSVCRT:MSVCR71.dll
 0005:00000558       __imp___errno              00429558     MSVCRT:MSVCR71.dll
 0005:0000055c       __imp___copysign           0042955c     MSVCRT:MSVCR71.dll
 0005:00000560       __imp___CRT_RTC_INIT       00429560     MSVCRT:MSVCR71.dll
 0005:00000564       __imp_??1type_info@@UAE@XZ 00429564     MSVCRT:MSVCR71.dll
 0005:00000568       __imp____dllonexit         00429568     MSVCRT:MSVCR71.dll
 0005:0000056c       __imp___onexit             0042956c     MSVCRT:MSVCR71.dll
 0005:00000570       __imp___c_exit             00429570     MSVCRT:MSVCR71.dll
 0005:00000574       __imp___exit               00429574     MSVCRT:MSVCR71.dll
 0005:00000578       __imp___XcptFilter         00429578     MSVCRT:MSVCR71.dll
 0005:0000057c       __imp___ismbblead          0042957c     MSVCRT:MSVCR71.dll
 0005:00000580       __imp___cexit              00429580     MSVCRT:MSVCR71.dll
 0005:00000584       __imp___acmdln             00429584     MSVCRT:MSVCR71.dll
 0005:00000588       __imp___amsg_exit          00429588     MSVCRT:MSVCR71.dll
 0005:0000058c       __imp____getmainargs       0042958c     MSVCRT:MSVCR71.dll
 0005:00000590       __imp___initterm           00429590     MSVCRT:MSVCR71.dll
 0005:00000594       \177MSVCR71_NULL_THUNK_DATA 00429594     MSVCRT:MSVCR71.dll
 0005:000005f8       __imp__MessageBoxA@16      004295f8     user32:USER32.dll
 0005:000005fc       __imp__LoadCursorA@8       004295fc     user32:USER32.dll
 0005:00000600       __imp__RegisterClassA@4    00429600     user32:USER32.dll
 0005:00000604       __imp__CreateWindowExA@48  00429604     user32:USER32.dll
 0005:00000608       __imp__ShowWindow@8        00429608     user32:USER32.dll
 0005:0000060c       __imp__UpdateWindow@4      0042960c     user32:USER32.dll
 0005:00000610       __imp__IsWindow@4          00429610     user32:USER32.dll
 0005:00000614       __imp__GetMessageA@16      00429614     user32:USER32.dll
 0005:00000618       __imp__TranslateMessage@4  00429618     user32:USER32.dll
 0005:0000061c       __imp__DispatchMessageA@4  0042961c     user32:USER32.dll
 0005:00000620       __imp__DestroyWindow@4     00429620     user32:USER32.dll
 0005:00000624       __imp__SetTimer@16         00429624     user32:USER32.dll
 0005:00000628       __imp__KillTimer@8         00429628     user32:USER32.dll
 0005:0000062c       __imp__DefWindowProcA@16   0042962c     user32:USER32.dll
 0005:00000630       \177USER32_NULL_THUNK_DATA 00429630     user32:USER32.dll
 0005:00000664       __imp__waveInClose@4       00429664     winmm:WINMM.dll
 0005:00000668       __imp__waveInAddBuffer@12  00429668     winmm:WINMM.dll
 0005:0000066c       __imp__waveInPrepareHeader@12 0042966c     winmm:WINMM.dll
 0005:00000670       __imp__waveInUnprepareHeader@12 00429670     winmm:WINMM.dll
 0005:00000674       __imp__timeGetTime@0       00429674     winmm:WINMM.dll
 0005:00000678       __imp__waveInGetErrorTextA@12 00429678     winmm:WINMM.dll
 0005:0000067c       __imp__waveInOpen@24       0042967c     winmm:WINMM.dll
 0005:00000680       __imp__waveInStart@4       00429680     winmm:WINMM.dll
 0005:00000684       \177WINMM_NULL_THUNK_DATA  00429684     winmm:WINMM.dll
 0005:000006b4       __imp__D3DXCreateTextureFromFileInMemory@16 004296b4     xbox_dx8:xbox_dx8.dll
 0005:000006b8       __imp__D3DXCreateTexture@32 004296b8     xbox_dx8:xbox_dx8.dll
 0005:000006bc       __imp__Direct3DCreate8@4   004296bc     xbox_dx8:xbox_dx8.dll
 0005:000006c0       \177xbox_dx8_NULL_THUNK_DATA 004296c0     xbox_dx8:xbox_dx8.dll

 entry point at        0002:00000550

